May 25 19:32:38 secretsession-cloud-server kernel: [865665.837192] sendmail-mta invoked oom-killer: gfp_mask=0x201da, order=0, oom_adj=0, oom_score_adj=0
May 25 19:32:39 secretsession-cloud-server kernel: [865665.837199] sendmail-mta cpuset=/ mems_allowed=0
May 25 19:32:39 secretsession-cloud-server kernel: [865665.837203] Pid: 3034, comm: sendmail-mta Not tainted 3.2.0-4-amd64 #1 Debian 3.2.65-1+deb7u2
May 25 19:32:39 secretsession-cloud-server kernel: [865665.837206] Call Trace:
May 25 19:32:39 secretsession-cloud-server kernel: [865665.837216]  [<ffffffff810b789a>] ? dump_header+0x78/0x1bd
May 25 19:32:39 secretsession-cloud-server kernel: [865665.837222]  [<ffffffff81350f2f>] ? _raw_spin_unlock_irqrestore+0xe/0xf
May 25 19:32:39 secretsession-cloud-server kernel: [865665.837227]  [<ffffffff8109819e>] ? delayacct_end+0x72/0x7d
May 25 19:32:39 secretsession-cloud-server kernel: [865665.837232]  [<ffffffff811655c6>] ? security_real_capable_noaudit+0x40/0x4f
May 25 19:32:39 secretsession-cloud-server kernel: [865665.837235]  [<ffffffff81350f2f>] ? _raw_spin_unlock_irqrestore+0xe/0xf
May 25 19:32:39 secretsession-cloud-server kernel: [865665.837239]  [<ffffffff810b7c6f>] ? oom_kill_process+0x49/0x271
May 25 19:32:39 secretsession-cloud-server kernel: [865665.837242]  [<ffffffff810b836a>] ? out_of_memory+0x2ea/0x337
May 25 19:32:39 secretsession-cloud-server kernel: [865665.837246]  [<ffffffff810bc002>] ? __alloc_pages_nodemask+0x62a/0x7ab
May 25 19:32:39 secretsession-cloud-server kernel: [865665.837252]  [<ffffffff810e5b4b>] ? alloc_pages_current+0xc7/0xe4
May 25 19:32:39 secretsession-cloud-server kernel: [865665.837255]  [<ffffffff810b6f9f>] ? filemap_fault+0x24f/0x33e
May 25 19:32:39 secretsession-cloud-server kernel: [865665.837259]  [<ffffffff810cf4f8>] ? __do_fault+0xc8/0x3ac
May 25 19:32:39 secretsession-cloud-server kernel: [865665.837264]  [<ffffffff810d1ab7>] ? handle_pte_fault+0x298/0x79f
May 25 19:32:39 secretsession-cloud-server kernel: [865665.837268]  [<ffffffff81036f68>] ? cpumask_next+0x16/0x18
May 25 19:32:39 secretsession-cloud-server kernel: [865665.837271]  [<ffffffff810cf04d>] ? pte_offset_kernel+0x16/0x35
May 25 19:32:39 secretsession-cloud-server kernel: [865665.837274]  [<ffffffff81353f34>] ? do_page_fault+0x320/0x345
May 25 19:32:39 secretsession-cloud-server kernel: [865665.837277]  [<ffffffff81095e37>] ? __call_rcu+0x21/0x12c
May 25 19:32:39 secretsession-cloud-server kernel: [865665.837281]  [<ffffffff8110b0ca>] ? dentry_kill+0x12c/0x137
May 25 19:32:39 secretsession-cloud-server kernel: [865665.837284]  [<ffffffff8110b250>] ? dput+0x27/0xee
May 25 19:32:39 secretsession-cloud-server kernel: [865665.837288]  [<ffffffff810fc23e>] ? fput+0x17a/0x1a1
May 25 19:32:39 secretsession-cloud-server kernel: [865665.837292]  [<ffffffff813514d5>] ? page_fault+0x25/0x30
May 25 19:32:39 secretsession-cloud-server kernel: [865665.837295] Mem-Info:
May 25 19:32:39 secretsession-cloud-server kernel: [865665.837297] Node 0 DMA per-cpu:
May 25 19:32:39 secretsession-cloud-server kernel: [865665.837300] CPU    0: hi:    0, btch:   1 usd:   0
May 25 19:32:39 secretsession-cloud-server kernel: [865665.837302] Node 0 DMA32 per-cpu:
May 25 19:32:39 secretsession-cloud-server kernel: [865665.837304] CPU    0: hi:  186, btch:  31 usd:  79
May 25 19:32:39 secretsession-cloud-server kernel: [865665.837310] active_anon:226525 inactive_anon:83 isolated_anon:0
May 25 19:32:39 secretsession-cloud-server kernel: [865665.837311]  active_file:129 inactive_file:170 isolated_file:32
May 25 19:32:39 secretsession-cloud-server kernel: [865665.837312]  unevictable:0 dirty:0 writeback:0 unstable:0
May 25 19:32:39 secretsession-cloud-server kernel: [865665.837313]  free:12265 slab_reclaimable:1590 slab_unreclaimable:3807
May 25 19:32:39 secretsession-cloud-server kernel: [865665.837314]  mapped:151 shmem:101 pagetables:7953 bounce:0
May 25 19:32:39 secretsession-cloud-server kernel: [865665.837327] Node 0 DMA free:4644kB min:684kB low:852kB high:1024kB active_anon:11252kB inactive_anon:0kB active_file:0kB inactive_file:0kB unevictable:0kB isolated(anon):0kB isolated(file):0kB present:15684kB mlocked:0kB dirty:0kB writeback:0kB mapped:0kB shmem:0kB slab_reclaimable:0kB slab_unreclaimable:0kB kernel_stack:0kB pagetables:12kB unstable:0kB bounce:0kB writeback_tmp:0kB pages_scanned:0 all_unreclaimable? yes
May 25 19:32:39 secretsession-cloud-server kernel: [865665.837337] lowmem_reserve[]: 0 990 990 990
May 25 19:32:39 secretsession-cloud-server kernel: [865665.837341] Node 0 DMA32 free:44416kB min:44368kB low:55460kB high:66552kB active_anon:894848kB inactive_anon:332kB active_file:516kB inactive_file:680kB unevictable:0kB isolated(anon):0kB isolated(file):128kB present:1014040kB mlocked:0kB dirty:0kB writeback:0kB mapped:604kB shmem:404kB slab_reclaimable:6360kB slab_unreclaimable:15228kB kernel_stack:1464kB pagetables:31800kB unstable:0kB bounce:0kB writeback_tmp:0kB pages_scanned:1856 all_unreclaimable? yes
May 25 19:32:39 secretsession-cloud-server kernel: [865665.837351] lowmem_reserve[]: 0 0 0 0
May 25 19:32:39 secretsession-cloud-server kernel: [865665.837354] Node 0 DMA: 1*4kB 2*8kB 1*16kB 0*32kB 2*64kB 1*128kB 1*256kB 0*512kB 2*1024kB 1*2048kB 0*4096kB = 4644kB
May 25 19:32:39 secretsession-cloud-server kernel: [865665.837362] Node 0 DMA32: 636*4kB 326*8kB 172*16kB 43*32kB 33*64kB 6*128kB 12*256kB 23*512kB 3*1024kB 3*2048kB 2*4096kB = 44416kB
May 25 19:32:39 secretsession-cloud-server kernel: [865665.837370] 440 total pagecache pages
May 25 19:32:39 secretsession-cloud-server kernel: [865665.837371] 0 pages in swap cache
May 25 19:32:39 secretsession-cloud-server kernel: [865665.837373] Swap cache stats: add 0, delete 0, find 0/0
May 25 19:32:39 secretsession-cloud-server kernel: [865665.837375] Free swap  = 0kB
May 25 19:32:39 secretsession-cloud-server kernel: [865665.837376] Total swap = 0kB
May 25 19:32:39 secretsession-cloud-server kernel: [865665.843197] 261104 pages RAM
May 25 19:32:39 secretsession-cloud-server kernel: [865665.843200] 5741 pages reserved
May 25 19:32:39 secretsession-cloud-server kernel: [865665.843202] 105921 pages shared
May 25 19:32:39 secretsession-cloud-server kernel: [865665.843203] 240451 pages non-shared
May 25 19:32:39 secretsession-cloud-server kernel: [865665.843205] [ pid ]   uid  tgid total_vm      rss cpu oom_adj oom_score_adj name
May 25 19:32:39 secretsession-cloud-server kernel: [865665.843217] [  285]     0   285     5312      117   0     -17         -1000 udevd
May 25 19:32:39 secretsession-cloud-server kernel: [865665.843223] [  392]     0   392     5311      121   0     -17         -1000 udevd
May 25 19:32:39 secretsession-cloud-server kernel: [865665.843227] [  393]     0   393     5311      117   0     -17         -1000 udevd
May 25 19:32:39 secretsession-cloud-server kernel: [865665.843232] [ 1998]     0  1998    13488      424   0       0             0 rsyslogd
May 25 19:32:39 secretsession-cloud-server kernel: [865665.843237] [ 2037]     0  2037     2370      113   0       0             0 xe-daemon
May 25 19:32:39 secretsession-cloud-server kernel: [865665.843241] [ 2124]     0  2124     1029       35   0       0             0 acpid
May 25 19:32:39 secretsession-cloud-server kernel: [865665.843245] [ 2187]     0  2187    55936     1951   0       0             0 apache2
May 25 19:32:39 secretsession-cloud-server kernel: [865665.843249] [ 2288]     0  2288     5102       61   0       0             0 cron
May 25 19:32:39 secretsession-cloud-server kernel: [865665.843252] [ 2825]     0  2825    32691     1661   0       0             0 nova-agent
May 25 19:32:39 secretsession-cloud-server kernel: [865665.843256] [ 2959]     0  2959    12483      153   0     -17         -1000 sshd
May 25 19:32:39 secretsession-cloud-server kernel: [865665.843259] [ 3034]     0  3034    17619      434   0       0             0 sendmail-mta
May 25 19:32:39 secretsession-cloud-server kernel: [865665.843263] [ 3089]     0  3089     4064       42   0       0             0 getty
May 25 19:32:39 secretsession-cloud-server kernel: [865665.843267] [ 3090]     0  3090     4064       42   0       0             0 getty
May 25 19:32:39 secretsession-cloud-server kernel: [865665.843270] [ 3091]     0  3091     4064       41   0       0             0 getty
May 25 19:32:39 secretsession-cloud-server kernel: [865665.843275] [ 3092]     0  3092     4064       40   0       0             0 getty
May 25 19:32:39 secretsession-cloud-server kernel: [865665.843278] [ 3093]     0  3093     4064       40   0       0             0 getty
May 25 19:32:39 secretsession-cloud-server kernel: [865665.843282] [ 3094]     0  3094     4064       41   0       0             0 getty
May 25 19:32:39 secretsession-cloud-server kernel: [865665.843285] [ 6137]     0  6137     1045       37   0       0             0 mysqld_safe
May 25 19:32:39 secretsession-cloud-server kernel: [865665.843289] [ 6466]   102  6466   109888    11529   0       0             0 mysqld
May 25 19:32:39 secretsession-cloud-server kernel: [865665.843293] [ 6467]     0  6467     1397       27   0       0             0 logger
May 25 19:32:39 secretsession-cloud-server kernel: [865665.843297] [23463]    33 23463    62211     7609   0       0             0 apache2
May 25 19:32:39 secretsession-cloud-server kernel: [865665.843301] [24687]    33 24687    62203     7640   0       0             0 apache2
May 25 19:32:39 secretsession-cloud-server kernel: [865665.843305] [25279]    33 25279    61590     7524   0       0             0 apache2
May 25 19:32:39 secretsession-cloud-server kernel: [865665.843308] [25326]    33 25326    61595     7550   0       0             0 apache2
May 25 19:32:39 secretsession-cloud-server kernel: [865665.843312] [25328]    33 25328    62155     7586   0       0             0 apache2
May 25 19:32:39 secretsession-cloud-server kernel: [865665.843316] [25734]    33 25734    62153     7588   0       0             0 apache2
May 25 19:32:39 secretsession-cloud-server kernel: [865665.843320] [25781]    33 25781    62047     7515   0       0             0 apache2
May 25 19:32:39 secretsession-cloud-server kernel: [865665.843323] [25889]    33 25889    62155     7583   0       0             0 apache2
May 25 19:32:39 secretsession-cloud-server kernel: [865665.843327] [25996]    33 25996    62140     7542   0       0             0 apache2
May 25 19:32:39 secretsession-cloud-server kernel: [865665.843331] [26602]    33 26602    61560     7472   0       0             0 apache2
May 25 19:32:39 secretsession-cloud-server kernel: [865665.843334] [27399]     0 27399     1024       18   0       0             0 sleep
May 25 19:32:39 secretsession-cloud-server kernel: [865665.843338] [27400]    33 27400    61422     7361   0       0             0 apache2
May 25 19:32:39 secretsession-cloud-server kernel: [865665.843342] [27404]    33 27404    61288     7236   0       0             0 apache2
May 25 19:32:39 secretsession-cloud-server kernel: [865665.843345] [27405]    33 27405    77672     7266   0       0             0 apache2
May 25 19:32:39 secretsession-cloud-server kernel: [865665.843348] [27408]    33 27408    76652     6233   0       0             0 apache2
May 25 19:32:39 secretsession-cloud-server kernel: [865665.843352] [27409]    33 27409    76648     6247   0       0             0 apache2
May 25 19:32:39 secretsession-cloud-server kernel: [865665.843355] [27410]    33 27410    76648     6301   0       0             0 apache2
May 25 19:32:39 secretsession-cloud-server kernel: [865665.843359] [27411]    33 27411    76648     6300   0       0             0 apache2
May 25 19:32:39 secretsession-cloud-server kernel: [865665.843363] [27416]    33 27416    75608     5257   0       0             0 apache2
May 25 19:32:39 secretsession-cloud-server kernel: [865665.843367] [27417]    33 27417    75599     5258   0       0             0 apache2
May 25 19:32:39 secretsession-cloud-server kernel: [865665.843370] [27418]    33 27418    75608     5256   0       0             0 apache2
May 25 19:32:39 secretsession-cloud-server kernel: [865665.843373] [27419]    33 27419    75608     5311   0       0             0 apache2
May 25 19:32:39 secretsession-cloud-server kernel: [865665.843377] [27420]    33 27420    75608     5319   0       0             0 apache2
May 25 19:32:39 secretsession-cloud-server kernel: [865665.843380] [27421]    33 27421    75612     5312   0       0             0 apache2
May 25 19:32:39 secretsession-cloud-server kernel: [865665.843384] [27422]    33 27422    75608     5315   0       0             0 apache2
May 25 19:32:39 secretsession-cloud-server kernel: [865665.843387] [27423]    33 27423    75542     5283   0       0             0 apache2
May 25 19:32:39 secretsession-cloud-server kernel: [865665.843391] [27432]    33 27432    74967     4616   0       0             0 apache2
May 25 19:32:39 secretsession-cloud-server kernel: [865665.843394] [27433]    33 27433    74967     4602   0       0             0 apache2
May 25 19:32:39 secretsession-cloud-server kernel: [865665.843397] [27434]    33 27434    74967     4556   0       0             0 apache2
May 25 19:32:39 secretsession-cloud-server kernel: [865665.843401] [27435]    33 27435    74967     4609   0       0             0 apache2
May 25 19:32:39 secretsession-cloud-server kernel: [865665.843404] [27436]    33 27436    74967     4603   0       0             0 apache2
May 25 19:32:39 secretsession-cloud-server kernel: [865665.843408] [27437]    33 27437    74937     4629   0       0             0 apache2
May 25 19:32:39 secretsession-cloud-server kernel: [865665.843411] [27438]    33 27438    74931     4617   0       0             0 apache2
May 25 19:32:39 secretsession-cloud-server kernel: [865665.843414] [27439]    33 27439    74967     4576   0       0             0 apache2
May 25 19:32:39 secretsession-cloud-server kernel: [865665.843418] [27440]    33 27440    74967     4578   0       0             0 apache2
May 25 19:32:39 secretsession-cloud-server kernel: [865665.843421] [27441]    33 27441    74967     4540   0       0             0 apache2
May 25 19:32:39 secretsession-cloud-server kernel: [865665.843425] [27442]    33 27442    58583     4522   0       0             0 apache2
May 25 19:32:39 secretsession-cloud-server kernel: [865665.843428] [27443]    33 27443    74967     4591   0       0             0 apache2
May 25 19:32:39 secretsession-cloud-server kernel: [865665.843432] [27444]    33 27444    74800     4464   0       0             0 apache2
May 25 19:32:39 secretsession-cloud-server kernel: [865665.843435] [27445]    33 27445    74903     4524   0       0             0 apache2
May 25 19:32:39 secretsession-cloud-server kernel: [865665.843439] [27446]    33 27446    58583     4490   0       0             0 apache2
May 25 19:32:39 secretsession-cloud-server kernel: [865665.843442] [27447]    33 27447    74800     4464   0       0             0 apache2
May 25 19:32:39 secretsession-cloud-server kernel: [865665.843445] [27460]    33 27460    74321     3972   0       0             0 apache2
May 25 19:32:39 secretsession-cloud-server kernel: [865665.843449] [27461]    33 27461    74344     3968   0       0             0 apache2
May 25 19:32:39 secretsession-cloud-server kernel: [865665.843452] [27462]    33 27462    74344     3968   0       0             0 apache2
May 25 19:32:39 secretsession-cloud-server kernel: [865665.843455] [27463]    33 27463    74321     3972   0       0             0 apache2
May 25 19:32:39 secretsession-cloud-server kernel: [865665.843459] [27464]    33 27464    74341     4011   0       0             0 apache2
May 25 19:32:39 secretsession-cloud-server kernel: [865665.843462] [27465]    33 27465    74341     3975   0       0             0 apache2
May 25 19:32:39 secretsession-cloud-server kernel: [865665.843465] [27466]    33 27466    74344     3970   0       0             0 apache2
May 25 19:32:39 secretsession-cloud-server kernel: [865665.843469] [27467]    33 27467    74344     3928   0       0             0 apache2
May 25 19:32:39 secretsession-cloud-server kernel: [865665.843472] [27468]    33 27468    74344     3966   0       0             0 apache2
May 25 19:32:39 secretsession-cloud-server kernel: [865665.843475] [27471]    33 27471    44986     1832   0       0             0 apache2
May 25 19:32:39 secretsession-cloud-server kernel: [865665.843479] [27472]    33 27472    55944     1924   0       0             0 apache2
May 25 19:32:39 secretsession-cloud-server kernel: [865665.843483] [27473]    33 27473    55944     1924   0       0             0 apache2
May 25 19:32:39 secretsession-cloud-server kernel: [865665.843486] [27478]    33 27478    55944     1924   0       0             0 apache2
May 25 19:32:39 secretsession-cloud-server kernel: [865665.843490] [27479]    33 27479    55944     1924   0       0             0 apache2
May 25 19:32:39 secretsession-cloud-server kernel: [865665.843493] [27480]    33 27480    55944     1924   0       0             0 apache2
May 25 19:32:39 secretsession-cloud-server kernel: [865665.843496] [27481]    33 27481    55944     1924   0       0             0 apache2
May 25 19:32:39 secretsession-cloud-server kernel: [865665.843500] [27482]    33 27482    55944     1924   0       0             0 apache2
May 25 19:32:39 secretsession-cloud-server kernel: [865665.843504] [27483]    33 27483    55944     1924   0       0             0 apache2
May 25 19:32:39 secretsession-cloud-server kernel: [865665.843507] [27484]    33 27484    55944     1924   0       0             0 apache2
May 25 19:32:39 secretsession-cloud-server kernel: [865665.843511] [27485]    33 27485    55944     1924   0       0             0 apache2
May 25 19:32:39 secretsession-cloud-server kernel: [865665.843514] [27486]    33 27486    55944     1924   0       0             0 apache2
May 25 19:32:39 secretsession-cloud-server kernel: [865665.843518] [27487]    33 27487    55944     1924   0       0             0 apache2
May 25 19:32:39 secretsession-cloud-server kernel: [865665.843521] [27488]    33 27488    55944     1924   0       0             0 apache2
May 25 19:32:39 secretsession-cloud-server kernel: [865665.843525] [27489]    33 27489    55944     1924   0       0             0 apache2
May 25 19:32:39 secretsession-cloud-server kernel: [865665.843528] [27490]    33 27490    55944     1924   0       0             0 apache2
May 25 19:32:39 secretsession-cloud-server kernel: [865665.843531] [27491]    33 27491    55944     1924   0       0             0 apache2
May 25 19:32:39 secretsession-cloud-server kernel: [865665.843535] [27492]    33 27492    55944     1924   0       0             0 apache2
May 25 19:32:39 secretsession-cloud-server kernel: [865665.843538] [27493]    33 27493    55944     1924   0       0             0 apache2
May 25 19:32:39 secretsession-cloud-server kernel: [865665.843542] [27494]    33 27494    55944     1924   0       0             0 apache2
May 25 19:32:39 secretsession-cloud-server kernel: [865665.843546] [27495]    33 27495    55944     1924   0       0             0 apache2
May 25 19:32:39 secretsession-cloud-server kernel: [865665.843549] Out of memory: Kill process 6466 (mysqld) score 45 or sacrifice child
May 25 19:32:39 secretsession-cloud-server kernel: [865665.895418] Killed process 6466 (mysqld) total-vm:439552kB, anon-rss:46116kB, file-rss:0kB
May 25 19:32:40 secretsession-cloud-server kernel: [865667.421249] apache2 invoked oom-killer: gfp_mask=0x201da, order=0, oom_adj=0, oom_score_adj=0
May 25 19:32:40 secretsession-cloud-server kernel: [865667.421256] apache2 cpuset=/ mems_allowed=0
May 25 19:32:40 secretsession-cloud-server kernel: [865667.421260] Pid: 27423, comm: apache2 Not tainted 3.2.0-4-amd64 #1 Debian 3.2.65-1+deb7u2
May 25 19:32:40 secretsession-cloud-server kernel: [865667.421263] Call Trace:
May 25 19:32:40 secretsession-cloud-server kernel: [865667.421272]  [<ffffffff810b789a>] ? dump_header+0x78/0x1bd
May 25 19:32:40 secretsession-cloud-server kernel: [865667.421279]  [<ffffffff81350f2f>] ? _raw_spin_unlock_irqrestore+0xe/0xf
May 25 19:32:40 secretsession-cloud-server kernel: [865667.421283]  [<ffffffff8109819e>] ? delayacct_end+0x72/0x7d
May 25 19:32:40 secretsession-cloud-server kernel: [865667.421288]  [<ffffffff811655c6>] ? security_real_capable_noaudit+0x40/0x4f
May 25 19:32:40 secretsession-cloud-server kernel: [865667.421292]  [<ffffffff81350f2f>] ? _raw_spin_unlock_irqrestore+0xe/0xf
May 25 19:32:40 secretsession-cloud-server kernel: [865667.421296]  [<ffffffff810b7c6f>] ? oom_kill_process+0x49/0x271
May 25 19:32:40 secretsession-cloud-server kernel: [865667.421299]  [<ffffffff810b836a>] ? out_of_memory+0x2ea/0x337
May 25 19:32:40 secretsession-cloud-server kernel: [865667.421304]  [<ffffffff810bc002>] ? __alloc_pages_nodemask+0x62a/0x7ab
May 25 19:32:40 secretsession-cloud-server kernel: [865667.421309]  [<ffffffff810e5b4b>] ? alloc_pages_current+0xc7/0xe4
May 25 19:32:40 secretsession-cloud-server kernel: [865667.421312]  [<ffffffff810b6f9f>] ? filemap_fault+0x24f/0x33e
May 25 19:32:40 secretsession-cloud-server kernel: [865667.421316]  [<ffffffff810cf4f8>] ? __do_fault+0xc8/0x3ac
May 25 19:32:40 secretsession-cloud-server kernel: [865667.421320]  [<ffffffff810d1ab7>] ? handle_pte_fault+0x298/0x79f
May 25 19:32:40 secretsession-cloud-server kernel: [865667.421324]  [<ffffffff810d5d3d>] ? vma_merge+0x1a6/0x287
May 25 19:32:40 secretsession-cloud-server kernel: [865667.421327]  [<ffffffff810cf04d>] ? pte_offset_kernel+0x16/0x35
May 25 19:32:40 secretsession-cloud-server kernel: [865667.421331]  [<ffffffff81353f34>] ? do_page_fault+0x320/0x345
May 25 19:32:40 secretsession-cloud-server kernel: [865667.421335]  [<ffffffff813514d5>] ? page_fault+0x25/0x30
May 25 19:32:40 secretsession-cloud-server kernel: [865667.421338] Mem-Info:
May 25 19:32:40 secretsession-cloud-server kernel: [865667.421340] Node 0 DMA per-cpu:
May 25 19:32:40 secretsession-cloud-server kernel: [865667.421343] CPU    0: hi:    0, btch:   1 usd:   0
May 25 19:32:40 secretsession-cloud-server kernel: [865667.421345] Node 0 DMA32 per-cpu:
May 25 19:32:40 secretsession-cloud-server kernel: [865667.421347] CPU    0: hi:  186, btch:  31 usd:  32
May 25 19:32:40 secretsession-cloud-server kernel: [865667.421353] active_anon:226894 inactive_anon:83 isolated_anon:0
May 25 19:32:40 secretsession-cloud-server kernel: [865667.421354]  active_file:144 inactive_file:201 isolated_file:32
May 25 19:32:40 secretsession-cloud-server kernel: [865667.421355]  unevictable:0 dirty:0 writeback:27 unstable:0
May 25 19:32:40 secretsession-cloud-server kernel: [865667.421356]  free:12235 slab_reclaimable:1579 slab_unreclaimable:3805
May 25 19:32:40 secretsession-cloud-server kernel: [865667.421357]  mapped:170 shmem:101 pagetables:7753 bounce:0
May 25 19:32:40 secretsession-cloud-server kernel: [865667.421360] Node 0 DMA free:4652kB min:684kB low:852kB high:1024kB active_anon:11220kB inactive_anon:0kB active_file:0kB inactive_file:0kB unevictable:0kB isolated(anon):0kB isolated(file):0kB present:15684kB mlocked:0kB dirty:0kB writeback:0kB mapped:0kB shmem:0kB slab_reclaimable:0kB slab_unreclaimable:0kB kernel_stack:0kB pagetables:12kB unstable:0kB bounce:0kB writeback_tmp:0kB pages_scanned:0 all_unreclaimable? yes
May 25 19:32:40 secretsession-cloud-server kernel: [865667.421370] lowmem_reserve[]: 0 990 990 990
May 25 19:32:40 secretsession-cloud-server kernel: [865667.421373] Node 0 DMA32 free:44288kB min:44368kB low:55460kB high:66552kB active_anon:896356kB inactive_anon:332kB active_file:576kB inactive_file:804kB unevictable:0kB isolated(anon):0kB isolated(file):128kB present:1014040kB mlocked:0kB dirty:0kB writeback:108kB mapped:680kB shmem:404kB slab_reclaimable:6316kB slab_unreclaimable:15220kB kernel_stack:1000kB pagetables:31000kB unstable:0kB bounce:0kB writeback_tmp:0kB pages_scanned:2149 all_unreclaimable? yes
May 25 19:32:40 secretsession-cloud-server kernel: [865667.421384] lowmem_reserve[]: 0 0 0 0
May 25 19:32:40 secretsession-cloud-server kernel: [865667.421386] Node 0 DMA: 2*4kB 1*8kB 2*16kB 0*32kB 2*64kB 1*128kB 1*256kB 0*512kB 2*1024kB 1*2048kB 0*4096kB = 4656kB
May 25 19:32:40 secretsession-cloud-server kernel: [865667.421394] Node 0 DMA32: 724*4kB 428*8kB 183*16kB 45*32kB 33*64kB 6*128kB 6*256kB 23*512kB 3*1024kB 3*2048kB 2*4096kB = 44288kB
May 25 19:32:40 secretsession-cloud-server kernel: [865667.421402] 494 total pagecache pages
May 25 19:32:40 secretsession-cloud-server kernel: [865667.421403] 0 pages in swap cache
May 25 19:32:40 secretsession-cloud-server kernel: [865667.421405] Swap cache stats: add 0, delete 0, find 0/0
May 25 19:32:40 secretsession-cloud-server kernel: [865667.421407] Free swap  = 0kB
May 25 19:32:40 secretsession-cloud-server kernel: [865667.421408] Total swap = 0kB
May 25 19:32:40 secretsession-cloud-server kernel: [865667.427043] 261104 pages RAM
May 25 19:32:40 secretsession-cloud-server kernel: [865667.427045] 5741 pages reserved
May 25 19:32:40 secretsession-cloud-server kernel: [865667.427047] 103863 pages shared
May 25 19:32:40 secretsession-cloud-server kernel: [865667.427048] 240576 pages non-shared
May 25 19:32:40 secretsession-cloud-server kernel: [865667.427050] [ pid ]   uid  tgid total_vm      rss cpu oom_adj oom_score_adj name
May 25 19:32:40 secretsession-cloud-server kernel: [865667.427057] [  285]     0   285     5312      117   0     -17         -1000 udevd
May 25 19:32:40 secretsession-cloud-server kernel: [865667.427061] [  392]     0   392     5311      121   0     -17         -1000 udevd
May 25 19:32:40 secretsession-cloud-server kernel: [865667.427065] [  393]     0   393     5311      117   0     -17         -1000 udevd
May 25 19:32:40 secretsession-cloud-server kernel: [865667.427069] [ 1998]     0  1998    13488      439   0       0             0 rsyslogd
May 25 19:32:40 secretsession-cloud-server kernel: [865667.427073] [ 2037]     0  2037     2370      113   0       0             0 xe-daemon
May 25 19:32:40 secretsession-cloud-server kernel: [865667.427077] [ 2124]     0  2124     1029       35   0       0             0 acpid
May 25 19:32:40 secretsession-cloud-server kernel: [865667.427080] [ 2187]     0  2187    55936     1947   0       0             0 apache2
May 25 19:32:40 secretsession-cloud-server kernel: [865667.427084] [ 2288]     0  2288     5102       61   0       0             0 cron
May 25 19:32:40 secretsession-cloud-server kernel: [865667.427087] [ 2825]     0  2825    32691     1661   0       0             0 nova-agent
May 25 19:32:40 secretsession-cloud-server kernel: [865667.427091] [ 2959]     0  2959    12483      153   0     -17         -1000 sshd
May 25 19:32:40 secretsession-cloud-server kernel: [865667.427095] [ 3034]     0  3034    17619      433   0       0             0 sendmail-mta
May 25 19:32:40 secretsession-cloud-server kernel: [865667.427098] [ 3089]     0  3089     4064       42   0       0             0 getty
May 25 19:32:40 secretsession-cloud-server kernel: [865667.427102] [ 3090]     0  3090     4064       42   0       0             0 getty
May 25 19:32:40 secretsession-cloud-server kernel: [865667.427105] [ 3091]     0  3091     4064       41   0       0             0 getty
May 25 19:32:40 secretsession-cloud-server kernel: [865667.427109] [ 3092]     0  3092     4064       40   0       0             0 getty
May 25 19:32:40 secretsession-cloud-server kernel: [865667.427112] [ 3093]     0  3093     4064       40   0       0             0 getty
May 25 19:32:40 secretsession-cloud-server kernel: [865667.427116] [ 3094]     0  3094     4064       41   0       0             0 getty
May 25 19:32:40 secretsession-cloud-server kernel: [865667.427122] [23463]    33 23463    62211     7609   0       0             0 apache2
May 25 19:32:40 secretsession-cloud-server kernel: [865667.427138] [24687]    33 24687    62203     7640   0       0             0 apache2
May 25 19:32:40 secretsession-cloud-server kernel: [865667.427142] [25279]    33 25279    61590     7524   0       0             0 apache2
May 25 19:32:40 secretsession-cloud-server kernel: [865667.427146] [25326]    33 25326    61595     7550   0       0             0 apache2
May 25 19:32:40 secretsession-cloud-server kernel: [865667.427150] [25328]    33 25328    62155     7586   0       0             0 apache2
May 25 19:32:40 secretsession-cloud-server kernel: [865667.427153] [25734]    33 25734    62153     7588   0       0             0 apache2
May 25 19:32:40 secretsession-cloud-server kernel: [865667.427157] [25781]    33 25781    62047     7515   0       0             0 apache2
May 25 19:32:40 secretsession-cloud-server kernel: [865667.427160] [25889]    33 25889    62155     7583   0       0             0 apache2
May 25 19:32:40 secretsession-cloud-server kernel: [865667.427163] [25996]    33 25996    62140     7542   0       0             0 apache2
May 25 19:32:40 secretsession-cloud-server kernel: [865667.427167] [26602]    33 26602    61560     7472   0       0             0 apache2
May 25 19:32:40 secretsession-cloud-server kernel: [865667.427171] [27399]     0 27399     1024       18   0       0             0 sleep
May 25 19:32:40 secretsession-cloud-server kernel: [865667.427174] [27400]    33 27400    61422     7361   0       0             0 apache2
May 25 19:32:40 secretsession-cloud-server kernel: [865667.427177] [27404]    33 27404    60268     6257   0       0             0 apache2
May 25 19:32:40 secretsession-cloud-server kernel: [865667.427182] [27408]    33 27408    76648     6709   0       0             0 apache2
May 25 19:32:40 secretsession-cloud-server kernel: [865667.427185] [27409]    33 27409    76648     6709   0       0             0 apache2
May 25 19:32:40 secretsession-cloud-server kernel: [865667.427188] [27410]    33 27410    76648     6707   0       0             0 apache2
May 25 19:32:40 secretsession-cloud-server kernel: [865667.427192] [27411]    33 27411    76648     6709   0       0             0 apache2
May 25 19:32:40 secretsession-cloud-server kernel: [865667.427195] [27416]    33 27416    75601     5720   0       0             0 apache2
May 25 19:32:40 secretsession-cloud-server kernel: [865667.427198] [27417]    33 27417    75618     5729   0       0             0 apache2
May 25 19:32:40 secretsession-cloud-server kernel: [865667.427202] [27418]    33 27418    75601     5766   0       0             0 apache2
May 25 19:32:40 secretsession-cloud-server kernel: [865667.427206] [27419]    33 27419    75601     5765   0       0             0 apache2
May 25 19:32:40 secretsession-cloud-server kernel: [865667.427209] [27420]    33 27420    75601     5765   0       0             0 apache2
May 25 19:32:40 secretsession-cloud-server kernel: [865667.427213] [27421]    33 27421    75605     5769   0       0             0 apache2
May 25 19:32:40 secretsession-cloud-server kernel: [865667.427217] [27422]    33 27422    75601     5765   0       0             0 apache2
May 25 19:32:40 secretsession-cloud-server kernel: [865667.427220] [27423]    33 27423    75535     5763   0       0             0 apache2
May 25 19:32:40 secretsession-cloud-server kernel: [865667.427223] [27432]    33 27432    74931     5061   0       0             0 apache2
May 25 19:32:40 secretsession-cloud-server kernel: [865667.427227] [27433]    33 27433    74931     5045   0       0             0 apache2
May 25 19:32:40 secretsession-cloud-server kernel: [865667.427231] [27434]    33 27434    74931     5094   0       0             0 apache2
May 25 19:32:40 secretsession-cloud-server kernel: [865667.427234] [27435]    33 27435    74931     5093   0       0             0 apache2
May 25 19:32:40 secretsession-cloud-server kernel: [865667.427238] [27436]    33 27436    74931     5113   0       0             0 apache2
May 25 19:32:40 secretsession-cloud-server kernel: [865667.427241] [27437]    33 27437    74931     5109   0       0             0 apache2
May 25 19:32:40 secretsession-cloud-server kernel: [865667.427245] [27438]    33 27438    74931     5100   0       0             0 apache2
May 25 19:32:40 secretsession-cloud-server kernel: [865667.427248] [27439]    33 27439    74931     5061   0       0             0 apache2
May 25 19:32:40 secretsession-cloud-server kernel: [865667.427252] [27440]    33 27440    74931     5091   0       0             0 apache2
May 25 19:32:40 secretsession-cloud-server kernel: [865667.427255] [27441]    33 27441    74931     5090   0       0             0 apache2
May 25 19:32:40 secretsession-cloud-server kernel: [865667.427258] [27442]    33 27442    75203     5038   0       0             0 apache2
May 25 19:32:40 secretsession-cloud-server kernel: [865667.427261] [27443]    33 27443    74931     5094   0       0             0 apache2
May 25 19:32:40 secretsession-cloud-server kernel: [865667.427265] [27444]    33 27444    74813     4917   0       0             0 apache2
May 25 19:32:40 secretsession-cloud-server kernel: [865667.427268] [27445]    33 27445    74874     5079   0       0             0 apache2
May 25 19:32:40 secretsession-cloud-server kernel: [865667.427272] [27446]    33 27446    75340     5018   0       0             0 apache2
May 25 19:32:40 secretsession-cloud-server kernel: [865667.427275] [27447]    33 27447    74819     4927   0       0             0 apache2
May 25 19:32:40 secretsession-cloud-server kernel: [865667.427279] [27460]    33 27460    74357     4510   0       0             0 apache2
May 25 19:32:40 secretsession-cloud-server kernel: [865667.427282] [27461]    33 27461    74357     4586   0       0             0 apache2
May 25 19:32:40 secretsession-cloud-server kernel: [865667.427286] [27462]    33 27462    74357     4568   0       0             0 apache2
May 25 19:32:40 secretsession-cloud-server kernel: [865667.427289] [27463]    33 27463    74357     4556   0       0             0 apache2
May 25 19:32:40 secretsession-cloud-server kernel: [865667.427293] [27464]    33 27464    74357     4570   0       0             0 apache2
May 25 19:32:40 secretsession-cloud-server kernel: [865667.427296] [27465]    33 27465    74357     4572   0       0             0 apache2
May 25 19:32:40 secretsession-cloud-server kernel: [865667.427300] [27466]    33 27466    74357     4571   0       0             0 apache2
May 25 19:32:40 secretsession-cloud-server kernel: [865667.427303] [27467]    33 27467    74357     4524   0       0             0 apache2
May 25 19:32:40 secretsession-cloud-server kernel: [865667.427307] [27468]    33 27468    74357     4536   0       0             0 apache2
May 25 19:32:40 secretsession-cloud-server kernel: [865667.427311] [27471]    33 27471    37052     1784   0       0             0 apache2
May 25 19:32:40 secretsession-cloud-server kernel: [865667.427314] [27472]    33 27472    44986     1838   0       0             0 apache2
May 25 19:32:40 secretsession-cloud-server kernel: [865667.427317] [27473]    33 27473    55944     1926   0       0             0 apache2
May 25 19:32:40 secretsession-cloud-server kernel: [865667.427321] [27478]    33 27478    55944     1924   0       0             0 apache2
May 25 19:32:40 secretsession-cloud-server kernel: [865667.427324] [27479]    33 27479    55944     1924   0       0             0 apache2
May 25 19:32:40 secretsession-cloud-server kernel: [865667.427328] [27480]    33 27480    55944     1924   0       0             0 apache2
May 25 19:32:40 secretsession-cloud-server kernel: [865667.427331] [27481]    33 27481    55944     1924   0       0             0 apache2
May 25 19:32:40 secretsession-cloud-server kernel: [865667.427335] [27482]    33 27482    55944     1924   0       0             0 apache2
May 25 19:32:40 secretsession-cloud-server kernel: [865667.427338] [27483]    33 27483    55944     1924   0       0             0 apache2
May 25 19:32:40 secretsession-cloud-server kernel: [865667.427341] [27484]    33 27484    55944     1924   0       0             0 apache2
May 25 19:32:40 secretsession-cloud-server kernel: [865667.427345] [27485]    33 27485    55944     1924   0       0             0 apache2
May 25 19:32:40 secretsession-cloud-server kernel: [865667.427348] [27486]    33 27486    55944     1924   0       0             0 apache2
May 25 19:32:40 secretsession-cloud-server kernel: [865667.427352] [27487]    33 27487    55944     1924   0       0             0 apache2
May 25 19:32:40 secretsession-cloud-server kernel: [865667.427355] [27488]    33 27488    55944     1924   0       0             0 apache2
May 25 19:32:40 secretsession-cloud-server kernel: [865667.427359] [27489]    33 27489    55944     1924   0       0             0 apache2
May 25 19:32:40 secretsession-cloud-server kernel: [865667.427363] [27490]    33 27490    55944     1924   0       0             0 apache2
May 25 19:32:40 secretsession-cloud-server kernel: [865667.427367] [27491]    33 27491    55944     1924   0       0             0 apache2
May 25 19:32:40 secretsession-cloud-server kernel: [865667.427372] [27492]    33 27492    55944     1924   0       0             0 apache2
May 25 19:32:40 secretsession-cloud-server kernel: [865667.427390] [27493]    33 27493    55944     1924   0       0             0 apache2
May 25 19:32:40 secretsession-cloud-server kernel: [865667.427393] [27494]    33 27494    55944     1924   0       0             0 apache2
May 25 19:32:40 secretsession-cloud-server kernel: [865667.427397] [27495]    33 27495    55944     1924   0       0             0 apache2
May 25 19:32:40 secretsession-cloud-server kernel: [865667.427400] Out of memory: Kill process 23463 (apache2) score 30 or sacrifice child
May 25 19:32:40 secretsession-cloud-server kernel: [865667.427779] Killed process 23463 (apache2) total-vm:248844kB, anon-rss:30424kB, file-rss:12kB
May 25 19:32:40 secretsession-cloud-server kernel: [865667.916169] apache2 invoked oom-killer: gfp_mask=0x201da, order=0, oom_adj=0, oom_score_adj=0
May 25 19:32:40 secretsession-cloud-server kernel: [865667.916175] apache2 cpuset=/ mems_allowed=0
May 25 19:32:40 secretsession-cloud-server kernel: [865667.916191] Pid: 27462, comm: apache2 Not tainted 3.2.0-4-amd64 #1 Debian 3.2.65-1+deb7u2
May 25 19:32:40 secretsession-cloud-server kernel: [865667.916194] Call Trace:
May 25 19:32:40 secretsession-cloud-server kernel: [865667.916204]  [<ffffffff810b789a>] ? dump_header+0x78/0x1bd
May 25 19:32:40 secretsession-cloud-server kernel: [865667.916211]  [<ffffffff81350f2f>] ? _raw_spin_unlock_irqrestore+0xe/0xf
May 25 19:32:40 secretsession-cloud-server kernel: [865667.916215]  [<ffffffff8109819e>] ? delayacct_end+0x72/0x7d
May 25 19:32:40 secretsession-cloud-server kernel: [865667.916220]  [<ffffffff811655c6>] ? security_real_capable_noaudit+0x40/0x4f
May 25 19:32:40 secretsession-cloud-server kernel: [865667.916224]  [<ffffffff81350f2f>] ? _raw_spin_unlock_irqrestore+0xe/0xf
May 25 19:32:40 secretsession-cloud-server kernel: [865667.916228]  [<ffffffff810b7c6f>] ? oom_kill_process+0x49/0x271
May 25 19:32:40 secretsession-cloud-server kernel: [865667.916231]  [<ffffffff810b836a>] ? out_of_memory+0x2ea/0x337
May 25 19:32:40 secretsession-cloud-server kernel: [865667.916235]  [<ffffffff810bc002>] ? __alloc_pages_nodemask+0x62a/0x7ab
May 25 19:32:40 secretsession-cloud-server kernel: [865667.916241]  [<ffffffff810e5b4b>] ? alloc_pages_current+0xc7/0xe4
May 25 19:32:40 secretsession-cloud-server kernel: [865667.916244]  [<ffffffff810b6f9f>] ? filemap_fault+0x24f/0x33e
May 25 19:32:40 secretsession-cloud-server kernel: [865667.916248]  [<ffffffff810cf4f8>] ? __do_fault+0xc8/0x3ac
May 25 19:32:40 secretsession-cloud-server kernel: [865667.916252]  [<ffffffff810d1ab7>] ? handle_pte_fault+0x298/0x79f
May 25 19:32:40 secretsession-cloud-server kernel: [865667.916257]  [<ffffffff81106977>] ? path_openat+0x319/0x33a
May 25 19:32:40 secretsession-cloud-server kernel: [865667.916260]  [<ffffffff810cf04d>] ? pte_offset_kernel+0x16/0x35
May 25 19:32:40 secretsession-cloud-server kernel: [865667.916264]  [<ffffffff81353f34>] ? do_page_fault+0x320/0x345
May 25 19:32:40 secretsession-cloud-server kernel: [865667.916268]  [<ffffffff810d6f1e>] ? mmap_region+0x353/0x44a
May 25 19:32:40 secretsession-cloud-server kernel: [865667.916272]  [<ffffffff813514d5>] ? page_fault+0x25/0x30
May 25 19:32:40 secretsession-cloud-server kernel: [865667.916275] Mem-Info:
May 25 19:32:40 secretsession-cloud-server kernel: [865667.916277] Node 0 DMA per-cpu:
May 25 19:32:40 secretsession-cloud-server kernel: [865667.916280] CPU    0: hi:    0, btch:   1 usd:   0
May 25 19:32:40 secretsession-cloud-server kernel: [865667.916281] Node 0 DMA32 per-cpu:
May 25 19:32:40 secretsession-cloud-server kernel: [865667.916284] CPU    0: hi:  186, btch:  31 usd:  31
May 25 19:32:40 secretsession-cloud-server kernel: [865667.916289] active_anon:226994 inactive_anon:83 isolated_anon:0
May 25 19:32:40 secretsession-cloud-server kernel: [865667.916290]  active_file:141 inactive_file:258 isolated_file:0
May 25 19:32:40 secretsession-cloud-server kernel: [865667.916291]  unevictable:0 dirty:0 writeback:0 unstable:0
May 25 19:32:40 secretsession-cloud-server kernel: [865667.916293]  free:12227 slab_reclaimable:1579 slab_unreclaimable:3797
May 25 19:32:40 secretsession-cloud-server kernel: [865667.916294]  mapped:159 shmem:101 pagetables:7629 bounce:0
May 25 19:32:40 secretsession-cloud-server kernel: [865667.916296] Node 0 DMA free:4644kB min:684kB low:852kB high:1024kB active_anon:11228kB inactive_anon:0kB active_file:8kB inactive_file:12kB unevictable:0kB isolated(anon):0kB isolated(file):0kB present:15684kB mlocked:0kB dirty:0kB writeback:0kB mapped:0kB shmem:0kB slab_reclaimable:0kB slab_unreclaimable:0kB kernel_stack:0kB pagetables:16kB unstable:0kB bounce:0kB writeback_tmp:0kB pages_scanned:122 all_unreclaimable? yes
May 25 19:32:40 secretsession-cloud-server kernel: [865667.916307] lowmem_reserve[]: 0 990 990 990
May 25 19:32:40 secretsession-cloud-server kernel: [865667.916310] Node 0 DMA32 free:44264kB min:44368kB low:55460kB high:66552kB active_anon:896748kB inactive_anon:332kB active_file:556kB inactive_file:1020kB unevictable:0kB isolated(anon):0kB isolated(file):0kB present:1014040kB mlocked:0kB dirty:0kB writeback:0kB mapped:636kB shmem:404kB slab_reclaimable:6316kB slab_unreclaimable:15188kB kernel_stack:984kB pagetables:30500kB unstable:0kB bounce:0kB writeback_tmp:0kB pages_scanned:2516 all_unreclaimable? yes
May 25 19:32:40 secretsession-cloud-server kernel: [865667.916321] lowmem_reserve[]: 0 0 0 0
May 25 19:32:40 secretsession-cloud-server kernel: [865667.916324] Node 0 DMA: 1*4kB 0*8kB 2*16kB 0*32kB 2*64kB 1*128kB 1*256kB 0*512kB 2*1024kB 1*2048kB 0*4096kB = 4644kB
May 25 19:32:40 secretsession-cloud-server kernel: [865667.916331] Node 0 DMA32: 840*4kB 435*8kB 185*16kB 47*32kB 33*64kB 5*128kB 4*256kB 23*512kB 3*1024kB 3*2048kB 2*4096kB = 44264kB
May 25 19:32:40 secretsession-cloud-server kernel: [865667.916339] 506 total pagecache pages
May 25 19:32:40 secretsession-cloud-server kernel: [865667.916340] 0 pages in swap cache
May 25 19:32:40 secretsession-cloud-server kernel: [865667.916342] Swap cache stats: add 0, delete 0, find 0/0
May 25 19:32:40 secretsession-cloud-server kernel: [865667.916344] Free swap  = 0kB
May 25 19:32:40 secretsession-cloud-server kernel: [865667.916345] Total swap = 0kB
May 25 19:32:40 secretsession-cloud-server kernel: [865667.921930] 261104 pages RAM
May 25 19:32:40 secretsession-cloud-server kernel: [865667.921932] 5741 pages reserved
May 25 19:32:40 secretsession-cloud-server kernel: [865667.921933] 101881 pages shared
May 25 19:32:40 secretsession-cloud-server kernel: [865667.921935] 240649 pages non-shared
May 25 19:32:40 secretsession-cloud-server kernel: [865667.921937] [ pid ]   uid  tgid total_vm      rss cpu oom_adj oom_score_adj name
May 25 19:32:40 secretsession-cloud-server kernel: [865667.921945] [  285]     0   285     5312      117   0     -17         -1000 udevd
May 25 19:32:40 secretsession-cloud-server kernel: [865667.921949] [  392]     0   392     5311      121   0     -17         -1000 udevd
May 25 19:32:40 secretsession-cloud-server kernel: [865667.921953] [  393]     0   393     5311      117   0     -17         -1000 udevd
May 25 19:32:40 secretsession-cloud-server kernel: [865667.921957] [ 1998]     0  1998    13488      459   0       0             0 rsyslogd
May 25 19:32:40 secretsession-cloud-server kernel: [865667.921961] [ 2037]     0  2037     2370      113   0       0             0 xe-daemon
May 25 19:32:40 secretsession-cloud-server kernel: [865667.921965] [ 2124]     0  2124     1029       35   0       0             0 acpid
May 25 19:32:40 secretsession-cloud-server kernel: [865667.921969] [ 2187]     0  2187    55936     1938   0       0             0 apache2
May 25 19:32:40 secretsession-cloud-server kernel: [865667.921973] [ 2288]     0  2288     5102       61   0       0             0 cron
May 25 19:32:40 secretsession-cloud-server kernel: [865667.921976] [ 2825]     0  2825    32691     1661   0       0             0 nova-agent
May 25 19:32:40 secretsession-cloud-server kernel: [865667.921980] [ 2959]     0  2959    12483      153   0     -17         -1000 sshd
May 25 19:32:40 secretsession-cloud-server kernel: [865667.921983] [ 3034]     0  3034    17619      432   0       0             0 sendmail-mta
May 25 19:32:40 secretsession-cloud-server kernel: [865667.921987] [ 3089]     0  3089     4064       42   0       0             0 getty
May 25 19:32:40 secretsession-cloud-server kernel: [865667.921991] [ 3090]     0  3090     4064       42   0       0             0 getty
May 25 19:32:40 secretsession-cloud-server kernel: [865667.921995] [ 3091]     0  3091     4064       41   0       0             0 getty
May 25 19:32:40 secretsession-cloud-server kernel: [865667.921998] [ 3092]     0  3092     4064       40   0       0             0 getty
May 25 19:32:40 secretsession-cloud-server kernel: [865667.922002] [ 3093]     0  3093     4064       40   0       0             0 getty
May 25 19:32:40 secretsession-cloud-server kernel: [865667.922006] [ 3094]     0  3094     4064       41   0       0             0 getty
May 25 19:32:40 secretsession-cloud-server kernel: [865667.922009] [24687]    33 24687    62203     7640   0       0             0 apache2
May 25 19:32:40 secretsession-cloud-server kernel: [865667.922013] [25279]    33 25279    61590     7524   0       0             0 apache2
May 25 19:32:40 secretsession-cloud-server kernel: [865667.922017] [25326]    33 25326    61595     7550   0       0             0 apache2
May 25 19:32:40 secretsession-cloud-server kernel: [865667.922020] [25328]    33 25328    62155     7586   0       0             0 apache2
May 25 19:32:40 secretsession-cloud-server kernel: [865667.922024] [25734]    33 25734    62153     7588   0       0             0 apache2
May 25 19:32:40 secretsession-cloud-server kernel: [865667.922028] [25781]    33 25781    62047     7515   0       0             0 apache2
May 25 19:32:40 secretsession-cloud-server kernel: [865667.922031] [25889]    33 25889    62155     7583   0       0             0 apache2
May 25 19:32:40 secretsession-cloud-server kernel: [865667.922035] [25996]    33 25996    62140     7542   0       0             0 apache2
May 25 19:32:40 secretsession-cloud-server kernel: [865667.922049] [26602]    33 26602    61560     7472   0       0             0 apache2
May 25 19:32:40 secretsession-cloud-server kernel: [865667.922053] [27399]     0 27399     1024       18   0       0             0 sleep
May 25 19:32:40 secretsession-cloud-server kernel: [865667.922056] [27400]    33 27400    61422     7361   0       0             0 apache2
May 25 19:32:40 secretsession-cloud-server kernel: [865667.922060] [27404]    33 27404    60268     6257   0       0             0 apache2
May 25 19:32:40 secretsession-cloud-server kernel: [865667.922063] [27408]    33 27408    76712     6867   0       0             0 apache2
May 25 19:32:40 secretsession-cloud-server kernel: [865667.922067] [27409]    33 27409    76842     6855   0       0             0 apache2
May 25 19:32:40 secretsession-cloud-server kernel: [865667.922070] [27410]    33 27410    76842     6856   0       0             0 apache2
May 25 19:32:40 secretsession-cloud-server kernel: [865667.922074] [27411]    33 27411    76712     6867   0       0             0 apache2
May 25 19:32:40 secretsession-cloud-server kernel: [865667.922078] [27416]    33 27416    75599     5901   0       0             0 apache2
May 25 19:32:40 secretsession-cloud-server kernel: [865667.922081] [27417]    33 27417    75599     5900   0       0             0 apache2
May 25 19:32:40 secretsession-cloud-server kernel: [865667.922085] [27418]    33 27418    75599     5961   0       0             0 apache2
May 25 19:32:40 secretsession-cloud-server kernel: [865667.922089] [27419]    33 27419    75599     5960   0       0             0 apache2
May 25 19:32:40 secretsession-cloud-server kernel: [865667.922092] [27420]    33 27420    75599     5962   0       0             0 apache2
May 25 19:32:40 secretsession-cloud-server kernel: [865667.922096] [27421]    33 27421    75603     5963   0       0             0 apache2
May 25 19:32:40 secretsession-cloud-server kernel: [865667.922100] [27422]    33 27422    75599     6014   0       0             0 apache2
May 25 19:32:40 secretsession-cloud-server kernel: [865667.922103] [27423]    33 27423    75533     5902   0       0             0 apache2
May 25 19:32:40 secretsession-cloud-server kernel: [865667.922107] [27432]    33 27432    74944     5266   0       0             0 apache2
May 25 19:32:40 secretsession-cloud-server kernel: [865667.922110] [27433]    33 27433    74936     5178   0       0             0 apache2
May 25 19:32:40 secretsession-cloud-server kernel: [865667.922114] [27434]    33 27434    74944     5211   0       0             0 apache2
May 25 19:32:40 secretsession-cloud-server kernel: [865667.922118] [27435]    33 27435    74944     5267   0       0             0 apache2
May 25 19:32:40 secretsession-cloud-server kernel: [865667.922122] [27436]    33 27436    75015     5264   0       0             0 apache2
May 25 19:32:40 secretsession-cloud-server kernel: [865667.922126] [27437]    33 27437    75015     5265   0       0             0 apache2
May 25 19:32:40 secretsession-cloud-server kernel: [865667.922129] [27438]    33 27438    75015     5263   0       0             0 apache2
May 25 19:32:40 secretsession-cloud-server kernel: [865667.922133] [27439]    33 27439    74944     5266   0       0             0 apache2
May 25 19:32:40 secretsession-cloud-server kernel: [865667.922137] [27440]    33 27440    74944     5211   0       0             0 apache2
May 25 19:32:40 secretsession-cloud-server kernel: [865667.922140] [27441]    33 27441    74936     5178   0       0             0 apache2
May 25 19:32:40 secretsession-cloud-server kernel: [865667.922144] [27442]    33 27442    75209     5206   0       0             0 apache2
May 25 19:32:40 secretsession-cloud-server kernel: [865667.922147] [27443]    33 27443    74944     5266   0       0             0 apache2
May 25 19:32:40 secretsession-cloud-server kernel: [865667.922151] [27444]    33 27444    74807     5026   0       0             0 apache2
May 25 19:32:40 secretsession-cloud-server kernel: [865667.922154] [27445]    33 27445    74872     5179   0       0             0 apache2
May 25 19:32:40 secretsession-cloud-server kernel: [865667.922158] [27446]    33 27446    75337     5162   0       0             0 apache2
May 25 19:32:40 secretsession-cloud-server kernel: [865667.922162] [27447]    33 27447    74807     5026   0       0             0 apache2
May 25 19:32:40 secretsession-cloud-server kernel: [865667.922166] [27460]    33 27460    74327     4651   0       0             0 apache2
May 25 19:32:40 secretsession-cloud-server kernel: [865667.922169] [27461]    33 27461    74324     4728   0       0             0 apache2
May 25 19:32:40 secretsession-cloud-server kernel: [865667.922173] [27462]    33 27462    74324     4731   0       0             0 apache2
May 25 19:32:40 secretsession-cloud-server kernel: [865667.922177] [27463]    33 27463    74328     4676   0       0             0 apache2
May 25 19:32:40 secretsession-cloud-server kernel: [865667.922181] [27464]    33 27464    74328     4675   0       0             0 apache2
May 25 19:32:40 secretsession-cloud-server kernel: [865667.922184] [27465]    33 27465    74328     4677   0       0             0 apache2
May 25 19:32:40 secretsession-cloud-server kernel: [865667.922188] [27466]    33 27466    74324     4728   0       0             0 apache2
May 25 19:32:40 secretsession-cloud-server kernel: [865667.922192] [27467]    33 27467    74327     4651   0       0             0 apache2
May 25 19:32:40 secretsession-cloud-server kernel: [865667.922195] [27468]    33 27468    74328     4678   0       0             0 apache2
May 25 19:32:40 secretsession-cloud-server kernel: [865667.922199] [27471]    33 27471    37052     1784   0       0             0 apache2
May 25 19:32:40 secretsession-cloud-server kernel: [865667.922203] [27472]    33 27472    37052     1784   0       0             0 apache2
May 25 19:32:40 secretsession-cloud-server kernel: [865667.922206] [27473]    33 27473    51399     1886   0       0             0 apache2
May 25 19:32:40 secretsession-cloud-server kernel: [865667.922210] [27478]    33 27478    55944     1924   0       0             0 apache2
May 25 19:32:40 secretsession-cloud-server kernel: [865667.922213] [27479]    33 27479    55944     1926   0       0             0 apache2
May 25 19:32:40 secretsession-cloud-server kernel: [865667.922217] [27480]    33 27480    55944     1924   0       0             0 apache2
May 25 19:32:40 secretsession-cloud-server kernel: [865667.922221] [27481]    33 27481    55944     1924   0       0             0 apache2
May 25 19:32:40 secretsession-cloud-server kernel: [865667.922224] [27482]    33 27482    55944     1924   0       0             0 apache2
May 25 19:32:40 secretsession-cloud-server kernel: [865667.922228] [27483]    33 27483    55944     1924   0       0             0 apache2
May 25 19:32:40 secretsession-cloud-server kernel: [865667.922231] [27484]    33 27484    55944     1924   0       0             0 apache2
May 25 19:32:40 secretsession-cloud-server kernel: [865667.922235] [27485]    33 27485    55944     1924   0       0             0 apache2
May 25 19:32:40 secretsession-cloud-server kernel: [865667.922238] [27486]    33 27486    55944     1924   0       0             0 apache2
May 25 19:32:40 secretsession-cloud-server kernel: [865667.922242] [27487]    33 27487    55944     1924   0       0             0 apache2
May 25 19:32:40 secretsession-cloud-server kernel: [865667.922245] [27488]    33 27488    55944     1924   0       0             0 apache2
May 25 19:32:40 secretsession-cloud-server kernel: [865667.922249] [27489]    33 27489    55944     1924   0       0             0 apache2
May 25 19:32:40 secretsession-cloud-server kernel: [865667.922253] [27490]    33 27490    55944     1924   0       0             0 apache2
May 25 19:32:40 secretsession-cloud-server kernel: [865667.922256] [27491]    33 27491    55944     1924   0       0             0 apache2
May 25 19:32:40 secretsession-cloud-server kernel: [865667.922260] [27492]    33 27492    55944     1924   0       0             0 apache2
May 25 19:32:40 secretsession-cloud-server kernel: [865667.922263] [27493]    33 27493    55944     1924   0       0             0 apache2
May 25 19:32:40 secretsession-cloud-server kernel: [865667.922267] [27494]    33 27494    55944     1924   0       0             0 apache2
May 25 19:32:40 secretsession-cloud-server kernel: [865667.922271] [27495]    33 27495    55944     1924   0       0             0 apache2
May 25 19:32:40 secretsession-cloud-server kernel: [865667.922274] Out of memory: Kill process 24687 (apache2) score 30 or sacrifice child
May 25 19:32:40 secretsession-cloud-server kernel: [865667.922787] Killed process 24687 (apache2) total-vm:248812kB, anon-rss:30560kB, file-rss:0kB
May 25 19:32:42 secretsession-cloud-server kernel: [865669.819056] apache2 invoked oom-killer: gfp_mask=0x201da, order=0, oom_adj=0, oom_score_adj=0
May 25 19:32:42 secretsession-cloud-server kernel: [865669.819063] apache2 cpuset=/ mems_allowed=0
May 25 19:32:42 secretsession-cloud-server kernel: [865669.819068] Pid: 27479, comm: apache2 Not tainted 3.2.0-4-amd64 #1 Debian 3.2.65-1+deb7u2
May 25 19:32:42 secretsession-cloud-server kernel: [865669.819070] Call Trace:
May 25 19:32:42 secretsession-cloud-server kernel: [865669.819080]  [<ffffffff810b789a>] ? dump_header+0x78/0x1bd
May 25 19:32:42 secretsession-cloud-server kernel: [865669.819087]  [<ffffffff81350f2f>] ? _raw_spin_unlock_irqrestore+0xe/0xf
May 25 19:32:42 secretsession-cloud-server kernel: [865669.819092]  [<ffffffff8109819e>] ? delayacct_end+0x72/0x7d
May 25 19:32:42 secretsession-cloud-server kernel: [865669.819097]  [<ffffffff811655c6>] ? security_real_capable_noaudit+0x40/0x4f
May 25 19:32:42 secretsession-cloud-server kernel: [865669.819101]  [<ffffffff81350f2f>] ? _raw_spin_unlock_irqrestore+0xe/0xf
May 25 19:32:42 secretsession-cloud-server kernel: [865669.819104]  [<ffffffff810b7c6f>] ? oom_kill_process+0x49/0x271
May 25 19:32:42 secretsession-cloud-server kernel: [865669.819107]  [<ffffffff810b836a>] ? out_of_memory+0x2ea/0x337
May 25 19:32:42 secretsession-cloud-server kernel: [865669.819112]  [<ffffffff810bc002>] ? __alloc_pages_nodemask+0x62a/0x7ab
May 25 19:32:42 secretsession-cloud-server kernel: [865669.819117]  [<ffffffff810e5b4b>] ? alloc_pages_current+0xc7/0xe4
May 25 19:32:42 secretsession-cloud-server kernel: [865669.819120]  [<ffffffff810b6f9f>] ? filemap_fault+0x24f/0x33e
May 25 19:32:42 secretsession-cloud-server kernel: [865669.819125]  [<ffffffff810cf4f8>] ? __do_fault+0xc8/0x3ac
May 25 19:32:42 secretsession-cloud-server kernel: [865669.819129]  [<ffffffff810d1ab7>] ? handle_pte_fault+0x298/0x79f
May 25 19:32:42 secretsession-cloud-server kernel: [865669.819133]  [<ffffffff810625e1>] ? __remove_hrtimer+0x2a/0x7f
May 25 19:32:42 secretsession-cloud-server kernel: [865669.819136]  [<ffffffff810cf04d>] ? pte_offset_kernel+0x16/0x35
May 25 19:32:42 secretsession-cloud-server kernel: [865669.819140]  [<ffffffff81353f34>] ? do_page_fault+0x320/0x345
May 25 19:32:42 secretsession-cloud-server kernel: [865669.819143]  [<ffffffff81350f2f>] ? _raw_spin_unlock_irqrestore+0xe/0xf
May 25 19:32:42 secretsession-cloud-server kernel: [865669.819148]  [<ffffffff8112ae13>] ? ep_scan_ready_list.isra.7+0x13b/0x15b
May 25 19:32:42 secretsession-cloud-server kernel: [865669.819152]  [<ffffffff8112b9ee>] ? sys_epoll_wait+0x29f/0x308
May 25 19:32:42 secretsession-cloud-server kernel: [865669.819156]  [<ffffffff8103f6f2>] ? try_to_wake_up+0x197/0x197
May 25 19:32:42 secretsession-cloud-server kernel: [865669.819176]  [<ffffffff813514d5>] ? page_fault+0x25/0x30
May 25 19:32:42 secretsession-cloud-server kernel: [865669.819179] Mem-Info:
May 25 19:32:42 secretsession-cloud-server kernel: [865669.819181] Node 0 DMA per-cpu:
May 25 19:32:42 secretsession-cloud-server kernel: [865669.819184] CPU    0: hi:    0, btch:   1 usd:   0
May 25 19:32:42 secretsession-cloud-server kernel: [865669.819185] Node 0 DMA32 per-cpu:
May 25 19:32:42 secretsession-cloud-server kernel: [865669.819188] CPU    0: hi:  186, btch:  31 usd:  40
May 25 19:32:42 secretsession-cloud-server kernel: [865669.819194] active_anon:227458 inactive_anon:83 isolated_anon:0
May 25 19:32:42 secretsession-cloud-server kernel: [865669.819195]  active_file:23 inactive_file:107 isolated_file:0
May 25 19:32:42 secretsession-cloud-server kernel: [865669.819196]  unevictable:0 dirty:0 writeback:0 unstable:0
May 25 19:32:42 secretsession-cloud-server kernel: [865669.819197]  free:12236 slab_reclaimable:1571 slab_unreclaimable:3748
May 25 19:32:42 secretsession-cloud-server kernel: [865669.819198]  mapped:51 shmem:101 pagetables:7350 bounce:0
May 25 19:32:42 secretsession-cloud-server kernel: [865669.819201] Node 0 DMA free:4648kB min:684kB low:852kB high:1024kB active_anon:11244kB inactive_anon:0kB active_file:0kB inactive_file:0kB unevictable:0kB isolated(anon):0kB isolated(file):0kB present:15684kB mlocked:0kB dirty:0kB writeback:0kB mapped:0kB shmem:0kB slab_reclaimable:0kB slab_unreclaimable:0kB kernel_stack:0kB pagetables:16kB unstable:0kB bounce:0kB writeback_tmp:0kB pages_scanned:0 all_unreclaimable? yes
May 25 19:32:42 secretsession-cloud-server kernel: [865669.819211] lowmem_reserve[]: 0 990 990 990
May 25 19:32:42 secretsession-cloud-server kernel: [865669.819214] Node 0 DMA32 free:44296kB min:44368kB low:55460kB high:66552kB active_anon:898588kB inactive_anon:332kB active_file:92kB inactive_file:428kB unevictable:0kB isolated(anon):0kB isolated(file):0kB present:1014040kB mlocked:0kB dirty:0kB writeback:0kB mapped:204kB shmem:404kB slab_reclaimable:6284kB slab_unreclaimable:14992kB kernel_stack:960kB pagetables:29384kB unstable:0kB bounce:0kB writeback_tmp:0kB pages_scanned:860 all_unreclaimable? yes
May 25 19:32:42 secretsession-cloud-server kernel: [865669.819224] lowmem_reserve[]: 0 0 0 0
May 25 19:32:42 secretsession-cloud-server kernel: [865669.819227] Node 0 DMA: 2*4kB 0*8kB 2*16kB 0*32kB 2*64kB 1*128kB 1*256kB 0*512kB 2*1024kB 1*2048kB 0*4096kB = 4648kB
May 25 19:32:42 secretsession-cloud-server kernel: [865669.819235] Node 0 DMA32: 934*4kB 488*8kB 199*16kB 50*32kB 36*64kB 7*128kB 2*256kB 21*512kB 3*1024kB 3*2048kB 2*4096kB = 44296kB
May 25 19:32:42 secretsession-cloud-server kernel: [865669.819243] 235 total pagecache pages
May 25 19:32:42 secretsession-cloud-server kernel: [865669.819245] 0 pages in swap cache
May 25 19:32:42 secretsession-cloud-server kernel: [865669.819247] Swap cache stats: add 0, delete 0, find 0/0
May 25 19:32:42 secretsession-cloud-server kernel: [865669.819248] Free swap  = 0kB
May 25 19:32:42 secretsession-cloud-server kernel: [865669.819249] Total swap = 0kB
May 25 19:32:42 secretsession-cloud-server kernel: [865669.824910] 261104 pages RAM
May 25 19:32:42 secretsession-cloud-server kernel: [865669.824912] 5741 pages reserved
May 25 19:32:42 secretsession-cloud-server kernel: [865669.824914] 95856 pages shared
May 25 19:32:42 secretsession-cloud-server kernel: [865669.824915] 240762 pages non-shared
May 25 19:32:42 secretsession-cloud-server kernel: [865669.824918] [ pid ]   uid  tgid total_vm      rss cpu oom_adj oom_score_adj name
May 25 19:32:42 secretsession-cloud-server kernel: [865669.824926] [  285]     0   285     5312      117   0     -17         -1000 udevd
May 25 19:32:42 secretsession-cloud-server kernel: [865669.824930] [  392]     0   392     5311      121   0     -17         -1000 udevd
May 25 19:32:42 secretsession-cloud-server kernel: [865669.824934] [  393]     0   393     5311      117   0     -17         -1000 udevd
May 25 19:32:42 secretsession-cloud-server kernel: [865669.824939] [ 1998]     0  1998    13521      461   0       0             0 rsyslogd
May 25 19:32:42 secretsession-cloud-server kernel: [865669.824943] [ 2037]     0  2037     2370      113   0       0             0 xe-daemon
May 25 19:32:42 secretsession-cloud-server kernel: [865669.824947] [ 2124]     0  2124     1029       35   0       0             0 acpid
May 25 19:32:42 secretsession-cloud-server kernel: [865669.824950] [ 2187]     0  2187    55936     1965   0       0             0 apache2
May 25 19:32:42 secretsession-cloud-server kernel: [865669.824954] [ 2288]     0  2288     5102       61   0       0             0 cron
May 25 19:32:42 secretsession-cloud-server kernel: [865669.824958] [ 2825]     0  2825    32691     1661   0       0             0 nova-agent
May 25 19:32:42 secretsession-cloud-server kernel: [865669.824961] [ 2959]     0  2959    12483      153   0     -17         -1000 sshd
May 25 19:32:42 secretsession-cloud-server kernel: [865669.824965] [ 3034]     0  3034    17619      432   0       0             0 sendmail-mta
May 25 19:32:42 secretsession-cloud-server kernel: [865669.824969] [ 3089]     0  3089     4064       42   0       0             0 getty
May 25 19:32:42 secretsession-cloud-server kernel: [865669.824972] [ 3090]     0  3090     4064       42   0       0             0 getty
May 25 19:32:42 secretsession-cloud-server kernel: [865669.824976] [ 3091]     0  3091     4064       41   0       0             0 getty
May 25 19:32:42 secretsession-cloud-server kernel: [865669.824980] [ 3092]     0  3092     4064       40   0       0             0 getty
May 25 19:32:42 secretsession-cloud-server kernel: [865669.824983] [ 3093]     0  3093     4064       40   0       0             0 getty
May 25 19:32:42 secretsession-cloud-server kernel: [865669.824987] [ 3094]     0  3094     4064       41   0       0             0 getty
May 25 19:32:42 secretsession-cloud-server kernel: [865669.824991] [25279]    33 25279    61590     7524   0       0             0 apache2
May 25 19:32:42 secretsession-cloud-server kernel: [865669.824994] [25326]    33 25326    61595     7550   0       0             0 apache2
May 25 19:32:42 secretsession-cloud-server kernel: [865669.824998] [25328]    33 25328    62155     7586   0       0             0 apache2
May 25 19:32:42 secretsession-cloud-server kernel: [865669.825001] [25734]    33 25734    62153     7588   0       0             0 apache2
May 25 19:32:42 secretsession-cloud-server kernel: [865669.825005] [25781]    33 25781    62047     7515   0       0             0 apache2
May 25 19:32:42 secretsession-cloud-server kernel: [865669.825008] [25889]    33 25889    62155     7583   0       0             0 apache2
May 25 19:32:42 secretsession-cloud-server kernel: [865669.825012] [25996]    33 25996    62140     7542   0       0             0 apache2
May 25 19:32:42 secretsession-cloud-server kernel: [865669.825015] [26602]    33 26602    61560     7472   0       0             0 apache2
May 25 19:32:42 secretsession-cloud-server kernel: [865669.825019] [27399]     0 27399     1024       18   0       0             0 sleep
May 25 19:32:42 secretsession-cloud-server kernel: [865669.825022] [27400]    33 27400    61422     7361   0       0             0 apache2
May 25 19:32:42 secretsession-cloud-server kernel: [865669.825026] [27404]    33 27404    60268     6257   0       0             0 apache2
May 25 19:32:42 secretsession-cloud-server kernel: [865669.825030] [27408]    33 27408    76712     6962   0       0             0 apache2
May 25 19:32:42 secretsession-cloud-server kernel: [865669.825033] [27409]    33 27409    76840     6959   0       0             0 apache2
May 25 19:32:42 secretsession-cloud-server kernel: [865669.825036] [27410]    33 27410    76840     6959   0       0             0 apache2
May 25 19:32:42 secretsession-cloud-server kernel: [865669.825040] [27411]    33 27411    76712     6962   0       0             0 apache2
May 25 19:32:42 secretsession-cloud-server kernel: [865669.825043] [27416]    33 27416    75599     6059   0       0             0 apache2
May 25 19:32:42 secretsession-cloud-server kernel: [865669.825046] [27417]    33 27417    75599     6078   0       0             0 apache2
May 25 19:32:42 secretsession-cloud-server kernel: [865669.825050] [27418]    33 27418    75623     6092   0       0             0 apache2
May 25 19:32:42 secretsession-cloud-server kernel: [865669.825053] [27419]    33 27419    75623     6107   0       0             0 apache2
May 25 19:32:42 secretsession-cloud-server kernel: [865669.825057] [27420]    33 27420    75599     6090   0       0             0 apache2
May 25 19:32:42 secretsession-cloud-server kernel: [865669.825060] [27421]    33 27421    75627     6122   0       0             0 apache2
May 25 19:32:42 secretsession-cloud-server kernel: [865669.825064] [27422]    33 27422    75623     6099   0       0             0 apache2
May 25 19:32:42 secretsession-cloud-server kernel: [865669.825067] [27423]    33 27423    75557     6091   0       0             0 apache2
May 25 19:32:42 secretsession-cloud-server kernel: [865669.825071] [27432]    33 27432    74932     5472   0       0             0 apache2
May 25 19:32:42 secretsession-cloud-server kernel: [865669.825074] [27433]    33 27433    74931     5401   0       0             0 apache2
May 25 19:32:42 secretsession-cloud-server kernel: [865669.825078] [27434]    33 27434    74936     5436   0       0             0 apache2
May 25 19:32:42 secretsession-cloud-server kernel: [865669.825082] [27435]    33 27435    74934     5454   0       0             0 apache2
May 25 19:32:42 secretsession-cloud-server kernel: [865669.825085] [27436]    33 27436    75007     5423   0       0             0 apache2
May 25 19:32:42 secretsession-cloud-server kernel: [865669.825089] [27437]    33 27437    75002     5468   0       0             0 apache2
May 25 19:32:42 secretsession-cloud-server kernel: [865669.825092] [27438]    33 27438    75007     5430   0       0             0 apache2
May 25 19:32:42 secretsession-cloud-server kernel: [865669.825096] [27439]    33 27439    74931     5471   0       0             0 apache2
May 25 19:32:42 secretsession-cloud-server kernel: [865669.825099] [27440]    33 27440    74931     5392   0       0             0 apache2
May 25 19:32:42 secretsession-cloud-server kernel: [865669.825102] [27441]    33 27441    74934     5349   0       0             0 apache2
May 25 19:32:42 secretsession-cloud-server kernel: [865669.825106] [27442]    33 27442    75201     5434   0       0             0 apache2
May 25 19:32:42 secretsession-cloud-server kernel: [865669.825109] [27443]    33 27443    74933     5456   0       0             0 apache2
May 25 19:32:42 secretsession-cloud-server kernel: [865669.825113] [27444]    33 27444    74809     5250   0       0             0 apache2
May 25 19:32:42 secretsession-cloud-server kernel: [865669.825116] [27445]    33 27445    74872     5430   0       0             0 apache2
May 25 19:32:42 secretsession-cloud-server kernel: [865669.825120] [27446]    33 27446    75470     5353   0       0             0 apache2
May 25 19:32:42 secretsession-cloud-server kernel: [865669.825124] [27447]    33 27447    74813     5247   0       0             0 apache2
May 25 19:32:42 secretsession-cloud-server kernel: [865669.825127] [27460]    33 27460    74340     4877   0       0             0 apache2
May 25 19:32:42 secretsession-cloud-server kernel: [865669.825131] [27461]    33 27461    74334     4926   0       0             0 apache2
May 25 19:32:42 secretsession-cloud-server kernel: [865669.825135] [27462]    33 27462    74340     4890   0       0             0 apache2
May 25 19:32:42 secretsession-cloud-server kernel: [865669.825138] [27463]    33 27463    74340     4877   0       0             0 apache2
May 25 19:32:42 secretsession-cloud-server kernel: [865669.825142] [27464]    33 27464    74321     4906   0       0             0 apache2
May 25 19:32:42 secretsession-cloud-server kernel: [865669.825146] [27465]    33 27465    74340     4897   0       0             0 apache2
May 25 19:32:42 secretsession-cloud-server kernel: [865669.825149] [27466]    33 27466    74334     4907   0       0             0 apache2
May 25 19:32:42 secretsession-cloud-server kernel: [865669.825153] [27467]    33 27467    74340     4877   0       0             0 apache2
May 25 19:32:42 secretsession-cloud-server kernel: [865669.825157] [27468]    33 27468    74334     4923   0       0             0 apache2
May 25 19:32:42 secretsession-cloud-server kernel: [865669.825160] [27473]    33 27473    37052     1784   0       0             0 apache2
May 25 19:32:42 secretsession-cloud-server kernel: [865669.825163] [27478]    33 27478    55944     1924   0       0             0 apache2
May 25 19:32:42 secretsession-cloud-server kernel: [865669.825166] [27479]    33 27479    55944     1926   0       0             0 apache2
May 25 19:32:42 secretsession-cloud-server kernel: [865669.825170] [27480]    33 27480    55944     1924   0       0             0 apache2
May 25 19:32:42 secretsession-cloud-server kernel: [865669.825174] [27481]    33 27481    55944     1924   0       0             0 apache2
May 25 19:32:42 secretsession-cloud-server kernel: [865669.825177] [27482]    33 27482    55944     1924   0       0             0 apache2
May 25 19:32:42 secretsession-cloud-server kernel: [865669.825180] [27483]    33 27483    55944     1924   0       0             0 apache2
May 25 19:32:42 secretsession-cloud-server kernel: [865669.825184] [27484]    33 27484    55944     1924   0       0             0 apache2
May 25 19:32:42 secretsession-cloud-server kernel: [865669.825188] [27485]    33 27485    55944     1924   0       0             0 apache2
May 25 19:32:42 secretsession-cloud-server kernel: [865669.825191] [27486]    33 27486    55944     1924   0       0             0 apache2
May 25 19:32:42 secretsession-cloud-server kernel: [865669.825194] [27487]    33 27487    55944     1924   0       0             0 apache2
May 25 19:32:42 secretsession-cloud-server kernel: [865669.825198] [27488]    33 27488    55944     1924   0       0             0 apache2
May 25 19:32:42 secretsession-cloud-server kernel: [865669.825202] [27489]    33 27489    55944     1924   0       0             0 apache2
May 25 19:32:42 secretsession-cloud-server kernel: [865669.825205] [27490]    33 27490    55944     1924   0       0             0 apache2
May 25 19:32:42 secretsession-cloud-server kernel: [865669.825209] [27491]    33 27491    55944     1924   0       0             0 apache2
May 25 19:32:42 secretsession-cloud-server kernel: [865669.825212] [27492]    33 27492    55944     1924   0       0             0 apache2
May 25 19:32:42 secretsession-cloud-server kernel: [865669.825216] [27493]    33 27493    55944     1924   0       0             0 apache2
May 25 19:32:42 secretsession-cloud-server kernel: [865669.825219] [27494]    33 27494    55944     1924   0       0             0 apache2
May 25 19:32:42 secretsession-cloud-server kernel: [865669.825223] [27495]    33 27495    55944     1924   0       0             0 apache2
May 25 19:32:42 secretsession-cloud-server kernel: [865669.825226] Out of memory: Kill process 25326 (apache2) score 30 or sacrifice child
May 25 19:32:42 secretsession-cloud-server kernel: [865669.825589] Killed process 25326 (apache2) total-vm:246380kB, anon-rss:30200kB, file-rss:0kB
May 25 19:32:43 secretsession-cloud-server kernel: [865670.896673] apache2 invoked oom-killer: gfp_mask=0x201da, order=0, oom_adj=0, oom_score_adj=0
May 25 19:32:43 secretsession-cloud-server kernel: [865670.896678] apache2 cpuset=/ mems_allowed=0
May 25 19:32:43 secretsession-cloud-server kernel: [865670.896683] Pid: 27466, comm: apache2 Not tainted 3.2.0-4-amd64 #1 Debian 3.2.65-1+deb7u2
May 25 19:32:43 secretsession-cloud-server kernel: [865670.896685] Call Trace:
May 25 19:32:43 secretsession-cloud-server kernel: [865670.896693]  [<ffffffff810b789a>] ? dump_header+0x78/0x1bd
May 25 19:32:43 secretsession-cloud-server kernel: [865670.896698]  [<ffffffff811655c6>] ? security_real_capable_noaudit+0x40/0x4f
May 25 19:32:43 secretsession-cloud-server kernel: [865670.896703]  [<ffffffff811b6705>] ? __bitmap_intersects+0x16/0x5f
May 25 19:32:43 secretsession-cloud-server kernel: [865670.896708]  [<ffffffff81350f2f>] ? _raw_spin_unlock_irqrestore+0xe/0xf
May 25 19:32:43 secretsession-cloud-server kernel: [865670.896711]  [<ffffffff810b7c6f>] ? oom_kill_process+0x49/0x271
May 25 19:32:43 secretsession-cloud-server kernel: [865670.896714]  [<ffffffff810b836a>] ? out_of_memory+0x2ea/0x337
May 25 19:32:43 secretsession-cloud-server kernel: [865670.896718]  [<ffffffff810bc002>] ? __alloc_pages_nodemask+0x62a/0x7ab
May 25 19:32:43 secretsession-cloud-server kernel: [865670.896723]  [<ffffffff810e5b4b>] ? alloc_pages_current+0xc7/0xe4
May 25 19:32:43 secretsession-cloud-server kernel: [865670.896726]  [<ffffffff810b6f9f>] ? filemap_fault+0x24f/0x33e
May 25 19:32:43 secretsession-cloud-server kernel: [865670.896730]  [<ffffffff810cf4f8>] ? __do_fault+0xc8/0x3ac
May 25 19:32:43 secretsession-cloud-server kernel: [865670.896734]  [<ffffffff810d1ab7>] ? handle_pte_fault+0x298/0x79f
May 25 19:32:43 secretsession-cloud-server kernel: [865670.896738]  [<ffffffff810d5d3d>] ? vma_merge+0x1a6/0x287
May 25 19:32:43 secretsession-cloud-server kernel: [865670.896741]  [<ffffffff810cf04d>] ? pte_offset_kernel+0x16/0x35
May 25 19:32:43 secretsession-cloud-server kernel: [865670.896744]  [<ffffffff81353f34>] ? do_page_fault+0x320/0x345
May 25 19:32:43 secretsession-cloud-server kernel: [865670.896748]  [<ffffffff813514d5>] ? page_fault+0x25/0x30
May 25 19:32:43 secretsession-cloud-server kernel: [865670.896750] Mem-Info:
May 25 19:32:43 secretsession-cloud-server kernel: [865670.896752] Node 0 DMA per-cpu:
May 25 19:32:43 secretsession-cloud-server kernel: [865670.896755] CPU    0: hi:    0, btch:   1 usd:   0
May 25 19:32:43 secretsession-cloud-server kernel: [865670.896756] Node 0 DMA32 per-cpu:
May 25 19:32:43 secretsession-cloud-server kernel: [865670.896759] CPU    0: hi:  186, btch:  31 usd:  11
May 25 19:32:43 secretsession-cloud-server kernel: [865670.896764] active_anon:227712 inactive_anon:83 isolated_anon:0
May 25 19:32:43 secretsession-cloud-server kernel: [865670.896765]  active_file:99 inactive_file:161 isolated_file:0
May 25 19:32:43 secretsession-cloud-server kernel: [865670.896766]  unevictable:0 dirty:0 writeback:0 unstable:0
May 25 19:32:43 secretsession-cloud-server kernel: [865670.896767]  free:12256 slab_reclaimable:1569 slab_unreclaimable:3713
May 25 19:32:43 secretsession-cloud-server kernel: [865670.896768]  mapped:134 shmem:101 pagetables:7187 bounce:0
May 25 19:32:43 secretsession-cloud-server kernel: [865670.896771] Node 0 DMA free:4648kB min:684kB low:852kB high:1024kB active_anon:11244kB inactive_anon:0kB active_file:0kB inactive_file:0kB unevictable:0kB isolated(anon):0kB isolated(file):0kB present:15684kB mlocked:0kB dirty:0kB writeback:0kB mapped:0kB shmem:0kB slab_reclaimable:0kB slab_unreclaimable:0kB kernel_stack:0kB pagetables:16kB unstable:0kB bounce:0kB writeback_tmp:0kB pages_scanned:0 all_unreclaimable? yes
May 25 19:32:43 secretsession-cloud-server kernel: [865670.896781] lowmem_reserve[]: 0 990 990 990
May 25 19:32:43 secretsession-cloud-server kernel: [865670.896784] Node 0 DMA32 free:44376kB min:44368kB low:55460kB high:66552kB active_anon:899604kB inactive_anon:332kB active_file:396kB inactive_file:644kB unevictable:0kB isolated(anon):0kB isolated(file):0kB present:1014040kB mlocked:0kB dirty:0kB writeback:0kB mapped:536kB shmem:404kB slab_reclaimable:6276kB slab_unreclaimable:14852kB kernel_stack:960kB pagetables:28732kB unstable:0kB bounce:0kB writeback_tmp:0kB pages_scanned:1583 all_unreclaimable? yes
May 25 19:32:43 secretsession-cloud-server kernel: [865670.896794] lowmem_reserve[]: 0 0 0 0
May 25 19:32:43 secretsession-cloud-server kernel: [865670.896797] Node 0 DMA: 2*4kB 0*8kB 2*16kB 0*32kB 2*64kB 1*128kB 1*256kB 0*512kB 2*1024kB 1*2048kB 0*4096kB = 4648kB
May 25 19:32:43 secretsession-cloud-server kernel: [865670.896805] Node 0 DMA32: 1006*4kB 502*8kB 203*16kB 52*32kB 37*64kB 9*128kB 3*256kB 19*512kB 3*1024kB 3*2048kB 2*4096kB = 44376kB
May 25 19:32:43 secretsession-cloud-server kernel: [865670.896813] 372 total pagecache pages
May 25 19:32:43 secretsession-cloud-server kernel: [865670.896815] 0 pages in swap cache
May 25 19:32:43 secretsession-cloud-server kernel: [865670.896816] Swap cache stats: add 0, delete 0, find 0/0
May 25 19:32:43 secretsession-cloud-server kernel: [865670.896818] Free swap  = 0kB
May 25 19:32:43 secretsession-cloud-server kernel: [865670.896819] Total swap = 0kB
May 25 19:32:43 secretsession-cloud-server kernel: [865670.902569] 261104 pages RAM
May 25 19:32:43 secretsession-cloud-server kernel: [865670.902582] 5741 pages reserved
May 25 19:32:43 secretsession-cloud-server kernel: [865670.902583] 93407 pages shared
May 25 19:32:43 secretsession-cloud-server kernel: [865670.902585] 240694 pages non-shared
May 25 19:32:43 secretsession-cloud-server kernel: [865670.902587] [ pid ]   uid  tgid total_vm      rss cpu oom_adj oom_score_adj name
May 25 19:32:43 secretsession-cloud-server kernel: [865670.902595] [  285]     0   285     5312      117   0     -17         -1000 udevd
May 25 19:32:43 secretsession-cloud-server kernel: [865670.902599] [  392]     0   392     5311      121   0     -17         -1000 udevd
May 25 19:32:43 secretsession-cloud-server kernel: [865670.902603] [  393]     0   393     5311      117   0     -17         -1000 udevd
May 25 19:32:43 secretsession-cloud-server kernel: [865670.902608] [ 1998]     0  1998    13521      477   0       0             0 rsyslogd
May 25 19:32:43 secretsession-cloud-server kernel: [865670.902612] [ 2037]     0  2037     2370      113   0       0             0 xe-daemon
May 25 19:32:43 secretsession-cloud-server kernel: [865670.902616] [ 2124]     0  2124     1029       35   0       0             0 acpid
May 25 19:32:43 secretsession-cloud-server kernel: [865670.902619] [ 2187]     0  2187    55936     1990   0       0             0 apache2
May 25 19:32:43 secretsession-cloud-server kernel: [865670.902623] [ 2288]     0  2288     5102       61   0       0             0 cron
May 25 19:32:43 secretsession-cloud-server kernel: [865670.902626] [ 2825]     0  2825    32691     1661   0       0             0 nova-agent
May 25 19:32:43 secretsession-cloud-server kernel: [865670.902630] [ 2959]     0  2959    12483      153   0     -17         -1000 sshd
May 25 19:32:43 secretsession-cloud-server kernel: [865670.902634] [ 3034]     0  3034    17619      432   0       0             0 sendmail-mta
May 25 19:32:43 secretsession-cloud-server kernel: [865670.902638] [ 3089]     0  3089     4064       42   0       0             0 getty
May 25 19:32:43 secretsession-cloud-server kernel: [865670.902642] [ 3090]     0  3090     4064       42   0       0             0 getty
May 25 19:32:43 secretsession-cloud-server kernel: [865670.902645] [ 3091]     0  3091     4064       41   0       0             0 getty
May 25 19:32:43 secretsession-cloud-server kernel: [865670.902649] [ 3092]     0  3092     4064       40   0       0             0 getty
May 25 19:32:43 secretsession-cloud-server kernel: [865670.902653] [ 3093]     0  3093     4064       40   0       0             0 getty
May 25 19:32:43 secretsession-cloud-server kernel: [865670.902657] [ 3094]     0  3094     4064       41   0       0             0 getty
May 25 19:32:43 secretsession-cloud-server kernel: [865670.902661] [25279]    33 25279    61590     7524   0       0             0 apache2
May 25 19:32:43 secretsession-cloud-server kernel: [865670.902665] [25328]    33 25328    62155     7586   0       0             0 apache2
May 25 19:32:43 secretsession-cloud-server kernel: [865670.902668] [25734]    33 25734    62153     7588   0       0             0 apache2
May 25 19:32:43 secretsession-cloud-server kernel: [865670.902672] [25781]    33 25781    62047     7515   0       0             0 apache2
May 25 19:32:43 secretsession-cloud-server kernel: [865670.902676] [25889]    33 25889    62155     7583   0       0             0 apache2
May 25 19:32:43 secretsession-cloud-server kernel: [865670.902679] [25996]    33 25996    62140     7542   0       0             0 apache2
May 25 19:32:43 secretsession-cloud-server kernel: [865670.902683] [26602]    33 26602    61560     7472   0       0             0 apache2
May 25 19:32:43 secretsession-cloud-server kernel: [865670.902686] [27399]     0 27399     1024       18   0       0             0 sleep
May 25 19:32:43 secretsession-cloud-server kernel: [865670.902690] [27400]    33 27400    61422     7361   0       0             0 apache2
May 25 19:32:43 secretsession-cloud-server kernel: [865670.902693] [27404]    33 27404    60268     6257   0       0             0 apache2
May 25 19:32:43 secretsession-cloud-server kernel: [865670.902697] [27408]    33 27408    76712     6962   0       0             0 apache2
May 25 19:32:43 secretsession-cloud-server kernel: [865670.902700] [27409]    33 27409    76840     6959   0       0             0 apache2
May 25 19:32:43 secretsession-cloud-server kernel: [865670.902704] [27410]    33 27410    76840     6959   0       0             0 apache2
May 25 19:32:43 secretsession-cloud-server kernel: [865670.902708] [27411]    33 27411    76712     6962   0       0             0 apache2
May 25 19:32:43 secretsession-cloud-server kernel: [865670.902711] [27416]    33 27416    75599     6167   0       0             0 apache2
May 25 19:32:43 secretsession-cloud-server kernel: [865670.902715] [27417]    33 27417    75599     6167   0       0             0 apache2
May 25 19:32:43 secretsession-cloud-server kernel: [865670.902718] [27418]    33 27418    75599     6167   0       0             0 apache2
May 25 19:32:43 secretsession-cloud-server kernel: [865670.902722] [27419]    33 27419    75599     6167   0       0             0 apache2
May 25 19:32:43 secretsession-cloud-server kernel: [865670.902725] [27420]    33 27420    75599     6167   0       0             0 apache2
May 25 19:32:43 secretsession-cloud-server kernel: [865670.902729] [27421]    33 27421    75603     6170   0       0             0 apache2
May 25 19:32:43 secretsession-cloud-server kernel: [865670.902733] [27422]    33 27422    75599     6167   0       0             0 apache2
May 25 19:32:43 secretsession-cloud-server kernel: [865670.902736] [27423]    33 27423    75533     6168   0       0             0 apache2
May 25 19:32:43 secretsession-cloud-server kernel: [865670.902740] [27432]    33 27432    74931     5751   0       0             0 apache2
May 25 19:32:43 secretsession-cloud-server kernel: [865670.902743] [27433]    33 27433    74950     5680   0       0             0 apache2
May 25 19:32:43 secretsession-cloud-server kernel: [865670.902746] [27434]    33 27434    74950     5703   0       0             0 apache2
May 25 19:32:43 secretsession-cloud-server kernel: [865670.902750] [27435]    33 27435    74931     5751   0       0             0 apache2
May 25 19:32:43 secretsession-cloud-server kernel: [865670.902753] [27436]    33 27436    75002     5702   0       0             0 apache2
May 25 19:32:43 secretsession-cloud-server kernel: [865670.902756] [27437]    33 27437    75008     5743   0       0             0 apache2
May 25 19:32:43 secretsession-cloud-server kernel: [865670.902760] [27438]    33 27438    75002     5708   0       0             0 apache2
May 25 19:32:43 secretsession-cloud-server kernel: [865670.902763] [27439]    33 27439    74933     5711   0       0             0 apache2
May 25 19:32:43 secretsession-cloud-server kernel: [865670.902767] [27440]    33 27440    74950     5665   0       0             0 apache2
May 25 19:32:43 secretsession-cloud-server kernel: [865670.902770] [27441]    33 27441    74956     5596   0       0             0 apache2
May 25 19:32:43 secretsession-cloud-server kernel: [865670.902774] [27442]    33 27442    75215     5691   0       0             0 apache2
May 25 19:32:43 secretsession-cloud-server kernel: [865670.902777] [27443]    33 27443    74933     5712   0       0             0 apache2
May 25 19:32:43 secretsession-cloud-server kernel: [865670.902781] [27444]    33 27444    74800     5455   0       0             0 apache2
May 25 19:32:43 secretsession-cloud-server kernel: [865670.902784] [27445]    33 27445    74867     5703   0       0             0 apache2
May 25 19:32:43 secretsession-cloud-server kernel: [865670.902796] [27446]    33 27446    75467     5611   0       0             0 apache2
May 25 19:32:43 secretsession-cloud-server kernel: [865670.902800] [27447]    33 27447    74802     5473   0       0             0 apache2
May 25 19:32:43 secretsession-cloud-server kernel: [865670.902803] [27460]    33 27460    74325     5150   0       0             0 apache2
May 25 19:32:43 secretsession-cloud-server kernel: [865670.902807] [27461]    33 27461    74325     5130   0       0             0 apache2
May 25 19:32:43 secretsession-cloud-server kernel: [865670.902811] [27462]    33 27462    74325     5136   0       0             0 apache2
May 25 19:32:43 secretsession-cloud-server kernel: [865670.902814] [27463]    33 27463    74325     5148   0       0             0 apache2
May 25 19:32:43 secretsession-cloud-server kernel: [865670.902818] [27464]    33 27464    74325     5129   0       0             0 apache2
May 25 19:32:43 secretsession-cloud-server kernel: [865670.902821] [27465]    33 27465    74323     5114   0       0             0 apache2
May 25 19:32:43 secretsession-cloud-server kernel: [865670.902825] [27466]    33 27466    74325     5129   0       0             0 apache2
May 25 19:32:43 secretsession-cloud-server kernel: [865670.902828] [27467]    33 27467    74321     5115   0       0             0 apache2
May 25 19:32:43 secretsession-cloud-server kernel: [865670.902832] [27468]    33 27468    74321     5140   0       0             0 apache2
May 25 19:32:43 secretsession-cloud-server kernel: [865670.902835] [27478]    33 27478    55944     1924   0       0             0 apache2
May 25 19:32:43 secretsession-cloud-server kernel: [865670.902839] [27479]    33 27479    44986     1832   0       0             0 apache2
May 25 19:32:43 secretsession-cloud-server kernel: [865670.902842] [27480]    33 27480    55944     1926   0       0             0 apache2
May 25 19:32:43 secretsession-cloud-server kernel: [865670.902846] [27481]    33 27481    55944     1924   0       0             0 apache2
May 25 19:32:43 secretsession-cloud-server kernel: [865670.902850] [27482]    33 27482    55944     1924   0       0             0 apache2
May 25 19:32:43 secretsession-cloud-server kernel: [865670.902854] [27483]    33 27483    55944     1924   0       0             0 apache2
May 25 19:32:43 secretsession-cloud-server kernel: [865670.902858] [27484]    33 27484    55944     1924   0       0             0 apache2
May 25 19:32:43 secretsession-cloud-server kernel: [865670.902861] [27485]    33 27485    55944     1924   0       0             0 apache2
May 25 19:32:43 secretsession-cloud-server kernel: [865670.902865] [27486]    33 27486    55944     1924   0       0             0 apache2
May 25 19:32:43 secretsession-cloud-server kernel: [865670.902869] [27487]    33 27487    55944     1924   0       0             0 apache2
May 25 19:32:43 secretsession-cloud-server kernel: [865670.902873] [27488]    33 27488    55944     1924   0       0             0 apache2
May 25 19:32:43 secretsession-cloud-server kernel: [865670.902876] [27489]    33 27489    55944     1924   0       0             0 apache2
May 25 19:32:43 secretsession-cloud-server kernel: [865670.902880] [27490]    33 27490    55944     1924   0       0             0 apache2
May 25 19:32:43 secretsession-cloud-server kernel: [865670.902883] [27491]    33 27491    55944     1924   0       0             0 apache2
May 25 19:32:43 secretsession-cloud-server kernel: [865670.902887] [27492]    33 27492    55944     1924   0       0             0 apache2
May 25 19:32:43 secretsession-cloud-server kernel: [865670.902891] [27493]    33 27493    55944     1924   0       0             0 apache2
May 25 19:32:43 secretsession-cloud-server kernel: [865670.902895] [27494]    33 27494    55944     1924   0       0             0 apache2
May 25 19:32:43 secretsession-cloud-server kernel: [865670.902899] [27495]    33 27495    55944     1924   0       0             0 apache2
May 25 19:32:43 secretsession-cloud-server kernel: [865670.902903] Out of memory: Kill process 25328 (apache2) score 30 or sacrifice child
May 25 19:32:43 secretsession-cloud-server kernel: [865670.903614] Killed process 25328 (apache2) total-vm:248620kB, anon-rss:30344kB, file-rss:0kB
May 25 19:32:44 secretsession-cloud-server kernel: [865671.497164] apache2 invoked oom-killer: gfp_mask=0x201da, order=0, oom_adj=0, oom_score_adj=0
May 25 19:32:44 secretsession-cloud-server kernel: [865671.497170] apache2 cpuset=/ mems_allowed=0
May 25 19:32:44 secretsession-cloud-server kernel: [865671.497174] Pid: 27443, comm: apache2 Not tainted 3.2.0-4-amd64 #1 Debian 3.2.65-1+deb7u2
May 25 19:32:44 secretsession-cloud-server kernel: [865671.497177] Call Trace:
May 25 19:32:44 secretsession-cloud-server kernel: [865671.497184]  [<ffffffff810b789a>] ? dump_header+0x78/0x1bd
May 25 19:32:44 secretsession-cloud-server kernel: [865671.497189]  [<ffffffff81350f2f>] ? _raw_spin_unlock_irqrestore+0xe/0xf
May 25 19:32:44 secretsession-cloud-server kernel: [865671.497193]  [<ffffffff8109819e>] ? delayacct_end+0x72/0x7d
May 25 19:32:44 secretsession-cloud-server kernel: [865671.497197]  [<ffffffff811655c6>] ? security_real_capable_noaudit+0x40/0x4f
May 25 19:32:44 secretsession-cloud-server kernel: [865671.497200]  [<ffffffff81350f2f>] ? _raw_spin_unlock_irqrestore+0xe/0xf
May 25 19:32:44 secretsession-cloud-server kernel: [865671.497204]  [<ffffffff810b7c6f>] ? oom_kill_process+0x49/0x271
May 25 19:32:44 secretsession-cloud-server kernel: [865671.497207]  [<ffffffff810b836a>] ? out_of_memory+0x2ea/0x337
May 25 19:32:44 secretsession-cloud-server kernel: [865671.497211]  [<ffffffff810bc002>] ? __alloc_pages_nodemask+0x62a/0x7ab
May 25 19:32:44 secretsession-cloud-server kernel: [865671.497215]  [<ffffffff810e5b4b>] ? alloc_pages_current+0xc7/0xe4
May 25 19:32:44 secretsession-cloud-server kernel: [865671.497218]  [<ffffffff810b6f9f>] ? filemap_fault+0x24f/0x33e
May 25 19:32:44 secretsession-cloud-server kernel: [865671.497222]  [<ffffffff810cf4f8>] ? __do_fault+0xc8/0x3ac
May 25 19:32:44 secretsession-cloud-server kernel: [865671.497226]  [<ffffffff810d1ab7>] ? handle_pte_fault+0x298/0x79f
May 25 19:32:44 secretsession-cloud-server kernel: [865671.497230]  [<ffffffff810d5d3d>] ? vma_merge+0x1a6/0x287
May 25 19:32:44 secretsession-cloud-server kernel: [865671.497233]  [<ffffffff810cf04d>] ? pte_offset_kernel+0x16/0x35
May 25 19:32:44 secretsession-cloud-server kernel: [865671.497236]  [<ffffffff81353f34>] ? do_page_fault+0x320/0x345
May 25 19:32:44 secretsession-cloud-server kernel: [865671.497240]  [<ffffffff813514d5>] ? page_fault+0x25/0x30
May 25 19:32:44 secretsession-cloud-server kernel: [865671.497242] Mem-Info:
May 25 19:32:44 secretsession-cloud-server kernel: [865671.497244] Node 0 DMA per-cpu:
May 25 19:32:44 secretsession-cloud-server kernel: [865671.497247] CPU    0: hi:    0, btch:   1 usd:   0
May 25 19:32:44 secretsession-cloud-server kernel: [865671.497248] Node 0 DMA32 per-cpu:
May 25 19:32:44 secretsession-cloud-server kernel: [865671.497251] CPU    0: hi:  186, btch:  31 usd:   2
May 25 19:32:44 secretsession-cloud-server kernel: [865671.497256] active_anon:227910 inactive_anon:83 isolated_anon:0
May 25 19:32:44 secretsession-cloud-server kernel: [865671.497257]  active_file:53 inactive_file:97 isolated_file:64
May 25 19:32:44 secretsession-cloud-server kernel: [865671.497258]  unevictable:0 dirty:0 writeback:0 unstable:0
May 25 19:32:44 secretsession-cloud-server kernel: [865671.497259]  free:12256 slab_reclaimable:1569 slab_unreclaimable:3704
May 25 19:32:44 secretsession-cloud-server kernel: [865671.497260]  mapped:82 shmem:101 pagetables:7031 bounce:0
May 25 19:32:44 secretsession-cloud-server kernel: [865671.497263] Node 0 DMA free:4648kB min:684kB low:852kB high:1024kB active_anon:11244kB inactive_anon:0kB active_file:0kB inactive_file:0kB unevictable:0kB isolated(anon):0kB isolated(file):0kB present:15684kB mlocked:0kB dirty:0kB writeback:0kB mapped:0kB shmem:0kB slab_reclaimable:0kB slab_unreclaimable:0kB kernel_stack:0kB pagetables:16kB unstable:0kB bounce:0kB writeback_tmp:0kB pages_scanned:0 all_unreclaimable? yes
May 25 19:32:44 secretsession-cloud-server kernel: [865671.497273] lowmem_reserve[]: 0 990 990 990
May 25 19:32:44 secretsession-cloud-server kernel: [865671.497276] Node 0 DMA32 free:44376kB min:44368kB low:55460kB high:66552kB active_anon:900396kB inactive_anon:332kB active_file:212kB inactive_file:388kB unevictable:0kB isolated(anon):0kB isolated(file):256kB present:1014040kB mlocked:0kB dirty:0kB writeback:0kB mapped:328kB shmem:404kB slab_reclaimable:6276kB slab_unreclaimable:14816kB kernel_stack:960kB pagetables:28108kB unstable:0kB bounce:0kB writeback_tmp:0kB pages_scanned:912 all_unreclaimable? yes
May 25 19:32:44 secretsession-cloud-server kernel: [865671.497286] lowmem_reserve[]: 0 0 0 0
May 25 19:32:44 secretsession-cloud-server kernel: [865671.497289] Node 0 DMA: 2*4kB 0*8kB 2*16kB 0*32kB 2*64kB 1*128kB 1*256kB 0*512kB 2*1024kB 1*2048kB 0*4096kB = 4648kB
May 25 19:32:44 secretsession-cloud-server kernel: [865671.497297] Node 0 DMA32: 1082*4kB 522*8kB 216*16kB 53*32kB 36*64kB 8*128kB 3*256kB 18*512kB 3*1024kB 3*2048kB 2*4096kB = 44376kB
May 25 19:32:44 secretsession-cloud-server kernel: [865671.497304] 320 total pagecache pages
May 25 19:32:44 secretsession-cloud-server kernel: [865671.497306] 0 pages in swap cache
May 25 19:32:44 secretsession-cloud-server kernel: [865671.497308] Swap cache stats: add 0, delete 0, find 0/0
May 25 19:32:44 secretsession-cloud-server kernel: [865671.497309] Free swap  = 0kB
May 25 19:32:44 secretsession-cloud-server kernel: [865671.497310] Total swap = 0kB
May 25 19:32:44 secretsession-cloud-server kernel: [865671.502934] 261104 pages RAM
May 25 19:32:44 secretsession-cloud-server kernel: [865671.502936] 5741 pages reserved
May 25 19:32:44 secretsession-cloud-server kernel: [865671.502937] 91379 pages shared
May 25 19:32:44 secretsession-cloud-server kernel: [865671.502939] 240694 pages non-shared
May 25 19:32:44 secretsession-cloud-server kernel: [865671.502940] [ pid ]   uid  tgid total_vm      rss cpu oom_adj oom_score_adj name
May 25 19:32:44 secretsession-cloud-server kernel: [865671.502949] [  285]     0   285     5312      117   0     -17         -1000 udevd
May 25 19:32:44 secretsession-cloud-server kernel: [865671.502953] [  392]     0   392     5311      121   0     -17         -1000 udevd
May 25 19:32:44 secretsession-cloud-server kernel: [865671.502957] [  393]     0   393     5311      117   0     -17         -1000 udevd
May 25 19:32:44 secretsession-cloud-server kernel: [865671.502962] [ 1998]     0  1998    13521      477   0       0             0 rsyslogd
May 25 19:32:44 secretsession-cloud-server kernel: [865671.502965] [ 2037]     0  2037     2370      113   0       0             0 xe-daemon
May 25 19:32:44 secretsession-cloud-server kernel: [865671.502969] [ 2124]     0  2124     1029       35   0       0             0 acpid
May 25 19:32:44 secretsession-cloud-server kernel: [865671.502972] [ 2187]     0  2187    55936     1970   0       0             0 apache2
May 25 19:32:44 secretsession-cloud-server kernel: [865671.502976] [ 2288]     0  2288     5102       61   0       0             0 cron
May 25 19:32:44 secretsession-cloud-server kernel: [865671.502979] [ 2825]     0  2825    32691     1661   0       0             0 nova-agent
May 25 19:32:44 secretsession-cloud-server kernel: [865671.502983] [ 2959]     0  2959    12483      153   0     -17         -1000 sshd
May 25 19:32:44 secretsession-cloud-server kernel: [865671.502986] [ 3034]     0  3034    17619      432   0       0             0 sendmail-mta
May 25 19:32:44 secretsession-cloud-server kernel: [865671.502990] [ 3089]     0  3089     4064       42   0       0             0 getty
May 25 19:32:44 secretsession-cloud-server kernel: [865671.502993] [ 3090]     0  3090     4064       42   0       0             0 getty
May 25 19:32:44 secretsession-cloud-server kernel: [865671.502997] [ 3091]     0  3091     4064       41   0       0             0 getty
